Archive member included to satisfy reference by file (symbol)

/usr/lib/gcc/arm-none-eabi/9.2.1/thumb/v6-m/nofp/libgcc.a(_dvmd_tls.o)
                              CMakeFiles/myapp.dir/opt/pico-sdk/src/rp2_common/pico_divider/divider.S.obj (__aeabi_idiv0)
/usr/lib/gcc/arm-none-eabi/9.2.1/../../../arm-none-eabi/lib/thumb/v6-m/nofp/libc.a(lib_a-atexit.o)
                              /usr/lib/gcc/arm-none-eabi/9.2.1/../../../arm-none-eabi/lib/thumb/v6-m/nofp/crt0.o (atexit)
/usr/lib/gcc/arm-none-eabi/9.2.1/../../../arm-none-eabi/lib/thumb/v6-m/nofp/libc.a(lib_a-calloc.o)
                              CMakeFiles/myapp.dir/opt/pico-sdk/src/rp2_common/pico_malloc/pico_malloc.c.obj (calloc)
/usr/lib/gcc/arm-none-eabi/9.2.1/../../../arm-none-eabi/lib/thumb/v6-m/nofp/libc.a(lib_a-callocr.o)
                              /usr/lib/gcc/arm-none-eabi/9.2.1/../../../arm-none-eabi/lib/thumb/v6-m/nofp/libc.a(lib_a-calloc.o) (_calloc_r)
/usr/lib/gcc/arm-none-eabi/9.2.1/../../../arm-none-eabi/lib/thumb/v6-m/nofp/libc.a(lib_a-fini.o)
                              /usr/lib/gcc/arm-none-eabi/9.2.1/../../../arm-none-eabi/lib/thumb/v6-m/nofp/crt0.o (__libc_fini_array)
/usr/lib/gcc/arm-none-eabi/9.2.1/../../../arm-none-eabi/lib/thumb/v6-m/nofp/libc.a(lib_a-impure.o)
                              /usr/lib/gcc/arm-none-eabi/9.2.1/../../../arm-none-eabi/lib/thumb/v6-m/nofp/libc.a(lib_a-calloc.o) (_impure_ptr)
/usr/lib/gcc/arm-none-eabi/9.2.1/../../../arm-none-eabi/lib/thumb/v6-m/nofp/libc.a(lib_a-init.o)
                              /usr/lib/gcc/arm-none-eabi/9.2.1/../../../arm-none-eabi/lib/thumb/v6-m/nofp/crt0.o (__libc_init_array)
/usr/lib/gcc/arm-none-eabi/9.2.1/../../../arm-none-eabi/lib/thumb/v6-m/nofp/libc.a(lib_a-malloc.o)
                              CMakeFiles/myapp.dir/opt/pico-sdk/src/rp2_common/pico_malloc/pico_malloc.c.obj (malloc)
/usr/lib/gcc/arm-none-eabi/9.2.1/../../../arm-none-eabi/lib/thumb/v6-m/nofp/libc.a(lib_a-mallocr.o)
                              /usr/lib/gcc/arm-none-eabi/9.2.1/../../../arm-none-eabi/lib/thumb/v6-m/nofp/libc.a(lib_a-callocr.o) (_malloc_r)
/usr/lib/gcc/arm-none-eabi/9.2.1/../../../arm-none-eabi/lib/thumb/v6-m/nofp/libc.a(lib_a-mlock.o)
                              /usr/lib/gcc/arm-none-eabi/9.2.1/../../../arm-none-eabi/lib/thumb/v6-m/nofp/libc.a(lib_a-mallocr.o) (__malloc_lock)
/usr/lib/gcc/arm-none-eabi/9.2.1/../../../arm-none-eabi/lib/thumb/v6-m/nofp/libc.a(lib_a-sbrkr.o)
                              /usr/lib/gcc/arm-none-eabi/9.2.1/../../../arm-none-eabi/lib/thumb/v6-m/nofp/libc.a(lib_a-mallocr.o) (_sbrk_r)
/usr/lib/gcc/arm-none-eabi/9.2.1/../../../arm-none-eabi/lib/thumb/v6-m/nofp/libc.a(lib_a-strlen-stub.o)
                              CMakeFiles/myapp.dir/opt/pico-sdk/src/rp2_common/pico_stdio/stdio.c.obj (strlen)
/usr/lib/gcc/arm-none-eabi/9.2.1/../../../arm-none-eabi/lib/thumb/v6-m/nofp/libc.a(lib_a-__atexit.o)
                              /usr/lib/gcc/arm-none-eabi/9.2.1/../../../arm-none-eabi/lib/thumb/v6-m/nofp/libc.a(lib_a-atexit.o) (__register_exitproc)
/usr/lib/gcc/arm-none-eabi/9.2.1/../../../arm-none-eabi/lib/thumb/v6-m/nofp/libc.a(lib_a-freer.o)
                              /usr/lib/gcc/arm-none-eabi/9.2.1/../../../arm-none-eabi/lib/thumb/v6-m/nofp/libc.a(lib_a-malloc.o) (_free_r)
/usr/lib/gcc/arm-none-eabi/9.2.1/../../../arm-none-eabi/lib/thumb/v6-m/nofp/libc.a(lib_a-reent.o)
                              /usr/lib/gcc/arm-none-eabi/9.2.1/../../../arm-none-eabi/lib/thumb/v6-m/nofp/libc.a(lib_a-sbrkr.o) (errno)

Allocating common symbols
Common symbol       size              file

sf_table            0x100             CMakeFiles/myapp.dir/opt/pico-sdk/src/rp2_common/pico_float/float_init_rom.c.obj
errno               0x4               /usr/lib/gcc/arm-none-eabi/9.2.1/../../../arm-none-eabi/lib/thumb/v6-m/nofp/libc.a(lib_a-reent.o)
_usbd_qdef_buf      0xc0              CMakeFiles/myapp.dir/opt/pico-sdk/lib/tinyusb/src/device/usbd.c.obj
sd_table            0x100             CMakeFiles/myapp.dir/opt/pico-sdk/src/rp2_common/pico_double/double_init_rom.c.obj
uart_char_to_line_feed
                    0x4               CMakeFiles/myapp.dir/opt/pico-sdk/src/rp2_common/hardware_uart/uart.c.obj

Discarded input sections

 .text          0x0000000000000000        0x0 /usr/lib/gcc/arm-none-eabi/9.2.1/thumb/v6-m/nofp/crti.o
 .data          0x0000000000000000        0x0 /usr/lib/gcc/arm-none-eabi/9.2.1/thumb/v6-m/nofp/crti.o
 .bss           0x0000000000000000        0x0 /usr/lib/gcc/arm-none-eabi/9.2.1/thumb/v6-m/nofp/crti.o
 .data          0x0000000000000000        0x4 /usr/lib/gcc/arm-none-eabi/9.2.1/thumb/v6-m/nofp/crtbegin.o
 .fini_array    0x0000000000000000        0x4 /usr/lib/gcc/arm-none-eabi/9.2.1/thumb/v6-m/nofp/crtbegin.o
 .text          0x0000000000000000       0x74 /usr/lib/gcc/arm-none-eabi/9.2.1/../../../arm-none-eabi/lib/thumb/v6-m/nofp/crt0.o
[...]
Memory Configuration

Name             Origin             Length             Attributes
FLASH            0x0000000010000000 0x0000000000200000 xr
RAM              0x0000000020000000 0x0000000000040000 xrw
SCRATCH_X        0x0000000020040000 0x0000000000001000 xrw
SCRATCH_Y        0x0000000020041000 0x0000000000001000 xrw
*default*        0x0000000000000000 0xffffffffffffffff

Linker script and memory map

LOAD /usr/lib/gcc/arm-none-eabi/9.2.1/thumb/v6-m/nofp/crti.o
LOAD /usr/lib/gcc/arm-none-eabi/9.2.1/thumb/v6-m/nofp/crtbegin.o
LOAD /usr/lib/gcc/arm-none-eabi/9.2.1/../../../arm-none-eabi/lib/thumb/v6-m/nofp/crt0.o

.flash_begin    0x0000000010000000        0x0
                0x0000000010000000                __flash_binary_start = .

.boot2          0x0000000010000000      0x100
                0x0000000010000000                __boot2_start__ = .
 *(.boot2)
 .boot2         0x0000000010000000      0x100 /tmp/cc2KKMFL.o
                0x0000000010000100                __boot2_end__ = .
                0x0000000000000001                ASSERT (((__boot2_end__ - __boot2_start__) == 0x100), ERROR: Pico second stage bootloader must be 256 bytes in size)

.text           0x0000000010000100     0x4b88
                0x0000000010000100                __logical_binary_start = .
 *(.vectors)
 .vectors       0x0000000010000100       0xd4 CMakeFiles/myapp.dir/opt/pico-sdk/src/rp2_common/pico_standard_link/crt0.S.obj
                0x0000000010000100                __vectors
                0x0000000010000100                __VECTOR_TABLE
                0x00000000100001c0                isr_invalid
                0x00000000100001c0                __default_isrs_start
                0x00000000100001c2                isr_nmi
                0x00000000100001c4                isr_hardfault
                0x00000000100001c6                isr_svcall
                0x00000000100001c8                isr_pendsv
                0x00000000100001ca                isr_systick
                0x00000000100001cc                isr_irq30
                0x00000000100001cc                __unhandled_user_irq
                0x00000000100001cc                isr_irq13
                0x00000000100001cc                isr_irq27
                0x00000000100001cc                isr_irq31
                0x00000000100001cc                isr_irq5
                0x00000000100001cc                isr_irq11
                0x00000000100001cc                isr_irq23
                0x00000000100001cc                isr_irq18
                0x00000000100001cc                isr_irq28
                0x00000000100001cc                isr_irq19
                0x00000000100001cc                isr_irq0
                0x00000000100001cc                isr_irq6
                0x00000000100001cc                isr_irq22
                0x00000000100001cc                isr_irq17
                0x00000000100001cc                isr_irq14
                0x00000000100001cc                isr_irq2
                0x00000000100001cc                isr_irq10
                0x00000000100001cc                isr_irq8
                0x00000000100001cc                isr_irq24
                0x00000000100001cc                isr_irq1
                0x00000000100001cc                isr_irq7
                0x00000000100001cc                isr_irq21
                0x00000000100001cc                isr_irq20
                0x00000000100001cc                isr_irq15
                0x00000000100001cc                isr_irq25
                0x00000000100001cc                isr_irq4
                0x00000000100001cc                isr_irq16
                0x00000000100001cc                isr_irq29
                0x00000000100001cc                isr_irq26
                0x00000000100001cc                __default_isrs_end
                0x00000000100001cc                isr_irq3
                0x00000000100001cc                isr_irq12
                0x00000000100001cc                isr_irq9
                0x00000000100001d2                unhandled_user_irq_num_in_r0
 *(.binary_info_header)
 .binary_info_header
                0x00000000100001d4       0x14 CMakeFiles/myapp.dir/opt/pico-sdk/src/rp2_common/pico_standard_link/crt0.S.obj
                0x00000000100001e8                __binary_info_header_end = .
 *(.reset)
 .reset         0x00000000100001e8       0xa8 CMakeFiles/myapp.dir/opt/pico-sdk/src/rp2_common/pico_standard_link/crt0.S.obj
                0x00000000100001e8                _entry_point
                0x0000000010000266                __get_current_exception
 .reset         0x0000000010000290       0x24 CMakeFiles/myapp.dir/opt/pico-sdk/src/rp2_common/pico_standard_link/binary_info.c.obj
 *(.init)
 .init          0x00000000100002b4        0x4 /usr/lib/gcc/arm-none-eabi/9.2.1/thumb/v6-m/nofp/crti.o
                0x00000000100002b4                _init
 *(EXCLUDE_FILE(*libm.a: *libc.a:*lib_a-mem*.o *libgcc.a:) .text*)
 .text          0x00000000100002b8       0x98 /usr/lib/gcc/arm-none-eabi/9.2.1/thumb/v6-m/nofp/crtbegin.o
 .text.startup.main
                0x0000000010000350       0x1c CMakeFiles/myapp.dir/main.c.obj
                0x0000000010000350                main
 .text.hw_claim_or_assert
                0x000000001000036c       0x48 CMakeFiles/myapp.dir/opt/pico-sdk/src/rp2_common/hardware_claim/claim.c.obj
                0x000000001000036c                hw_claim_or_assert
 .text.hw_claim_unused_from_range
                0x00000000100003b4       0x9c CMakeFiles/myapp.dir/opt/pico-sdk/src/rp2_common/hardware_claim/claim.c.obj
                0x00000000100003b4                hw_claim_unused_from_range
 .text.running_on_fpga
                0x0000000010000450       0x10 CMakeFiles/myapp.dir/opt/pico-sdk/src/rp2_common/pico_platform/platform.c.obj
                0x0000000010000450                running_on_fpga
 .text.spin_locks_reset
                0x0000000010000460       0x1c CMakeFiles/myapp.dir/opt/pico-sdk/src/rp2_common/hardware_sync/sync.c.obj
                0x0000000010000460                spin_locks_reset
 .text.next_striped_spin_lock_num
                0x000000001000047c       0x18 CMakeFiles/myapp.dir/opt/pico-sdk/src/rp2_common/hardware_sync/sync.c.obj
                0x000000001000047c                next_striped_spin_lock_num
 .text.spin_lock_claim_unused
                0x0000000010000494       0x20 CMakeFiles/myapp.dir/opt/pico-sdk/src/rp2_common/hardware_sync/sync.c.obj
                0x0000000010000494                spin_lock_claim_unused
 .text.timer_pool_entry_comparator
                0x00000000100004b4       0x34 CMakeFiles/myapp.dir/opt/pico-sdk/src/common/pico_time/time.c.obj
                0x00000000100004b4                timer_pool_entry_comparator
 .text.sleep_until_callback
                0x00000000100004e8       0x30 CMakeFiles/myapp.dir/opt/pico-sdk/src/common/pico_time/time.c.obj
 .text.alarm_pool_add_alarm_at.constprop.0
                0x0000000010000518      0x128 CMakeFiles/myapp.dir/opt/pico-sdk/src/common/pico_time/time.c.obj
 .text.add_alarm_under_lock
                0x0000000010000640      0x108 CMakeFiles/myapp.dir/opt/pico-sdk/src/common/pico_time/time.c.obj
 .text.alarm_pool_alarm_callback
                0x0000000010000748      0x1c8 CMakeFiles/myapp.dir/opt/pico-sdk/src/common/pico_time/time.c.obj
 .text.alarm_pool_init_default
                0x0000000010000910       0x64 CMakeFiles/myapp.dir/opt/pico-sdk/src/common/pico_time/time.c.obj
                0x0000000010000910                alarm_pool_init_default
 .text.alarm_pool_get_default
                0x0000000010000974        0x8 CMakeFiles/myapp.dir/opt/pico-sdk/src/common/pico_time/time.c.obj
                0x0000000010000974                alarm_pool_get_default
 .text.alarm_pool_add_alarm_at
                0x000000001000097c      0x1ac CMakeFiles/myapp.dir/opt/pico-sdk/src/common/pico_time/time.c.obj
                0x000000001000097c                alarm_pool_add_alarm_at
 .text.sleep_until
                0x0000000010000b28       0xac CMakeFiles/myapp.dir/opt/pico-sdk/src/common/pico_time/time.c.obj
                0x0000000010000b28                sleep_until
 .text.sleep_ms
                0x0000000010000bd4       0x38 CMakeFiles/myapp.dir/opt/pico-sdk/src/common/pico_time/time.c.obj
                0x0000000010000bd4                sleep_ms
 .text.best_effort_wfe_or_timeout
                0x0000000010000c0c       0xd4 CMakeFiles/myapp.dir/opt/pico-sdk/src/common/pico_time/time.c.obj
                0x0000000010000c0c                best_effort_wfe_or_timeout
 .text.hardware_alarm_irq_handler
                0x0000000010000ce0       0xb8 CMakeFiles/myapp.dir/opt/pico-sdk/src/rp2_common/hardware_timer/timer.c.obj
 .text.hardware_alarm_claim
                0x0000000010000d98       0x18 CMakeFiles/myapp.dir/opt/pico-sdk/src/rp2_common/hardware_timer/timer.c.obj
                0x0000000010000d98                hardware_alarm_claim
 .text.time_us_64
                0x0000000010000db0       0x14 CMakeFiles/myapp.dir/opt/pico-sdk/src/rp2_common/hardware_timer/timer.c.obj
                0x0000000010000db0                time_us_64
 .text.busy_wait_until
                0x0000000010000dc4       0x20 CMakeFiles/myapp.dir/opt/pico-sdk/src/rp2_common/hardware_timer/timer.c.obj
                0x0000000010000dc4                busy_wait_until
 .text.hardware_alarm_set_callback
                0x0000000010000de4       0x8c CMakeFiles/myapp.dir/opt/pico-sdk/src/rp2_common/hardware_timer/timer.c.obj
                0x0000000010000de4                hardware_alarm_set_callback
 .text.hardware_alarm_set_target
                0x0000000010000e70       0xe4 CMakeFiles/myapp.dir/opt/pico-sdk/src/rp2_common/hardware_timer/timer.c.obj
                0x0000000010000e70                hardware_alarm_set_target
 .text.hardware_alarm_cancel
                0x0000000010000f54       0x40 CMakeFiles/myapp.dir/opt/pico-sdk/src/rp2_common/hardware_timer/timer.c.obj
                0x0000000010000f54                hardware_alarm_cancel
 .text.lock_init
                0x0000000010000f94       0x10 CMakeFiles/myapp.dir/opt/pico-sdk/src/common/pico_sync/lock_core.c.obj
                0x0000000010000f94                lock_init
 .text.mutex_init
                0x0000000010000fa4       0x1c CMakeFiles/myapp.dir/opt/pico-sdk/src/common/pico_sync/mutex.c.obj
                0x0000000010000fa4                mutex_init
 .text.recursive_mutex_init
                0x0000000010000fc0       0x1c CMakeFiles/myapp.dir/opt/pico-sdk/src/common/pico_sync/mutex.c.obj
                0x0000000010000fc0                recursive_mutex_init
 .text.critical_section_init
                0x0000000010000fdc       0x1c CMakeFiles/myapp.dir/opt/pico-sdk/src/common/pico_sync/critical_section.c.obj
                0x0000000010000fdc                critical_section_init
 .text.ph_merge_nodes
                0x0000000010000ff8       0x68 CMakeFiles/myapp.dir/opt/pico-sdk/src/common/pico_util/pheap.c.obj
 .text.ph_post_alloc_init
                0x0000000010001060       0x3c CMakeFiles/myapp.dir/opt/pico-sdk/src/common/pico_util/pheap.c.obj
                0x0000000010001060                ph_post_alloc_init
 .text.ph_merge_two_pass
                0x000000001000109c       0x90 CMakeFiles/myapp.dir/opt/pico-sdk/src/common/pico_util/pheap.c.obj
                0x000000001000109c                ph_merge_two_pass
 .text.ph_remove_any_head
                0x000000001000112c       0xf8 CMakeFiles/myapp.dir/opt/pico-sdk/src/common/pico_util/pheap.c.obj
 .text.ph_remove_head
                0x0000000010001224      0x13c CMakeFiles/myapp.dir/opt/pico-sdk/src/common/pico_util/pheap.c.obj
                0x0000000010001224                ph_remove_head
 .text.ph_remove_and_free_node
                0x0000000010001360       0x7c CMakeFiles/myapp.dir/opt/pico-sdk/src/common/pico_util/pheap.c.obj
                0x0000000010001360                ph_remove_and_free_node
 .text.runtime_init
                0x00000000100013dc       0xf0 CMakeFiles/myapp.dir/opt/pico-sdk/src/rp2_common/pico_runtime/runtime.c.obj
                0x00000000100013dc                runtime_init
 .text.exit     0x00000000100014cc        0x4 CMakeFiles/myapp.dir/opt/pico-sdk/src/rp2_common/pico_runtime/runtime.c.obj
                0x00000000100014cc                exit
 .text.panic    0x00000000100014d0       0x30 CMakeFiles/myapp.dir/opt/pico-sdk/src/rp2_common/pico_runtime/runtime.c.obj
                0x00000000100014d0                panic
 .text.hard_assertion_failure
                0x0000000010001500        0xc CMakeFiles/myapp.dir/opt/pico-sdk/src/rp2_common/pico_runtime/runtime.c.obj
                0x0000000010001500                hard_assertion_failure
 .text.clocks_init
                0x000000001000150c      0x2bc CMakeFiles/myapp.dir/opt/pico-sdk/src/rp2_common/hardware_clocks/clocks.c.obj
                0x000000001000150c                clocks_init
 .text.irq_set_enabled
                0x00000000100017c8       0x24 CMakeFiles/myapp.dir/opt/pico-sdk/src/rp2_common/hardware_irq/irq.c.obj
                0x00000000100017c8                irq_set_enabled
 .text.irq_set_pending
                0x00000000100017ec       0x10 CMakeFiles/myapp.dir/opt/pico-sdk/src/rp2_common/hardware_irq/irq.c.obj
                0x00000000100017ec                irq_set_pending
 .text.irq_get_vtable_handler
                0x00000000100017fc       0x10 CMakeFiles/myapp.dir/opt/pico-sdk/src/rp2_common/hardware_irq/irq.c.obj
                0x00000000100017fc                irq_get_vtable_handler
 .text.irq_set_exclusive_handler
                0x000000001000180c       0x54 CMakeFiles/myapp.dir/opt/pico-sdk/src/rp2_common/hardware_irq/irq.c.obj
                0x000000001000180c                irq_set_exclusive_handler
 .text.irq_remove_handler
                0x0000000010001860      0x1b8 CMakeFiles/myapp.dir/opt/pico-sdk/src/rp2_common/hardware_irq/irq.c.obj
                0x0000000010001860                irq_remove_handler
 .text.irq_add_tail_to_free_list
                0x0000000010001a18       0xb8 CMakeFiles/myapp.dir/opt/pico-sdk/src/rp2_common/hardware_irq/irq.c.obj
                0x0000000010001a18                irq_add_tail_to_free_list
 .text.irq_init_priorities
                0x0000000010001ad0       0x24 CMakeFiles/myapp.dir/opt/pico-sdk/src/rp2_common/hardware_irq/irq.c.obj
                0x0000000010001ad0                irq_init_priorities
 .text.pll_init
                0x0000000010001af4       0xa4 CMakeFiles/myapp.dir/opt/pico-sdk/src/rp2_common/hardware_pll/pll.c.obj
                0x0000000010001af4                pll_init
 .text.watchdog_start_tick
                0x0000000010001b98       0x10 CMakeFiles/myapp.dir/opt/pico-sdk/src/rp2_common/hardware_watchdog/watchdog.c.obj
                0x0000000010001b98                watchdog_start_tick
 .text.watchdog_reboot
                0x0000000010001ba8       0x98 CMakeFiles/myapp.dir/opt/pico-sdk/src/rp2_common/hardware_watchdog/watchdog.c.obj
                0x0000000010001ba8                watchdog_reboot
 .text.xosc_init
                0x0000000010001c40       0x28 CMakeFiles/myapp.dir/opt/pico-sdk/src/rp2_common/hardware_xosc/xosc.c.obj
                0x0000000010001c40                xosc_init
 .text._out_char
                0x0000000010001c68       0x10 CMakeFiles/myapp.dir/opt/pico-sdk/src/rp2_common/pico_printf/printf.c.obj
 .text.weak_raw_vprintf
                0x0000000010001c78       0x30 CMakeFiles/myapp.dir/opt/pico-sdk/src/rp2_common/pico_printf/printf.c.obj
                0x0000000010001c78                weak_raw_vprintf
 .text          0x0000000010001ca8       0x10 CMakeFiles/myapp.dir/opt/pico-sdk/src/rp2_common/pico_bit_ops/bit_ops_aeabi.S.obj
 .text.rom_func_lookup
                0x0000000010001cb8       0x10 CMakeFiles/myapp.dir/opt/pico-sdk/src/rp2_common/pico_bootrom/bootrom.c.obj
                0x0000000010001cb8                rom_func_lookup
 .text.rom_data_lookup
                0x0000000010001cc8       0x10 CMakeFiles/myapp.dir/opt/pico-sdk/src/rp2_common/pico_bootrom/bootrom.c.obj
                0x0000000010001cc8                rom_data_lookup
 .text.rom_funcs_lookup
                0x0000000010001cd8       0x3c CMakeFiles/myapp.dir/opt/pico-sdk/src/rp2_common/pico_bootrom/bootrom.c.obj
                0x0000000010001cd8                rom_funcs_lookup
 .text.__wrap___aeabi_uidiv
                0x0000000010001d14       0x4c CMakeFiles/myapp.dir/opt/pico-sdk/src/rp2_common/pico_divider/divider.S.obj
                0x0000000010001d14                __wrap___aeabi_uidiv
                0x0000000010001d14                __wrap___aeabi_uidivmod
                0x0000000010001d14                div_u32u32
                0x0000000010001d14                divmod_u32u32
                0x0000000010001d1c                divmod_u32u32_unsafe
                0x0000000010001d44                divmod_u32u32_savestate
 .text.__aeabi_double_init
                0x0000000010001d60       0xc0 CMakeFiles/myapp.dir/opt/pico-sdk/src/rp2_common/pico_double/double_init_rom.c.obj
                0x0000000010001d60                __aeabi_double_init
 .text.double_table_shim_on_use_helper
                0x0000000010001e20       0x2c CMakeFiles/myapp.dir/opt/pico-sdk/src/rp2_common/pico_double/double_v1_rom_shim.S.obj
                0x0000000010001e20                double_table_shim_on_use_helper
 .text.__aeabi_lmul
                0x0000000010001e4c       0x32 CMakeFiles/myapp.dir/opt/pico-sdk/src/rp2_common/pico_int64_ops/pico_int64_ops_aeabi.S.obj
                0x0000000010001e4c                __wrap___aeabi_lmul
 *fill*         0x0000000010001e7e        0x2 
 .text.__aeabi_float_init
                0x0000000010001e80       0x64 CMakeFiles/myapp.dir/opt/pico-sdk/src/rp2_common/pico_float/float_init_rom.c.obj
                0x0000000010001e80                __aeabi_float_init
 .text.float_table_shim_on_use_helper
                0x0000000010001ee4       0x2c CMakeFiles/myapp.dir/opt/pico-sdk/src/rp2_common/pico_float/float_v1_rom_shim.S.obj
                0x0000000010001ee4                float_table_shim_on_use_helper
 .text          0x0000000010001f10       0x10 CMakeFiles/myapp.dir/opt/pico-sdk/src/rp2_common/pico_mem_ops/mem_ops_aeabi.S.obj
                0x0000000010001f10                __aeabi_mem_init
 .text.memset   0x0000000010001f20        0xc CMakeFiles/myapp.dir/opt/pico-sdk/src/rp2_common/pico_mem_ops/mem_ops_aeabi.S.obj
                0x0000000010001f20                __wrap_memset
 .text.memcpy   0x0000000010001f2c        0xc CMakeFiles/myapp.dir/opt/pico-sdk/src/rp2_common/pico_mem_ops/mem_ops_aeabi.S.obj
                0x0000000010001f2c                __wrap___aeabi_memcpy
                0x0000000010001f2c                __wrap_memcpy
 .text.stdio_out_chars_no_crlf
                0x0000000010001f38       0x10 CMakeFiles/myapp.dir/opt/pico-sdk/src/rp2_common/pico_stdio/stdio.c.obj
 .text.stdio_out_chars_crlf
                0x0000000010001f48       0x94 CMakeFiles/myapp.dir/opt/pico-sdk/src/rp2_common/pico_stdio/stdio.c.obj
 .text.stdio_put_string
                0x0000000010001fdc      0x100 CMakeFiles/myapp.dir/opt/pico-sdk/src/rp2_common/pico_stdio/stdio.c.obj
 .text.__wrap_putchar
                0x00000000100020dc       0xa4 CMakeFiles/myapp.dir/opt/pico-sdk/src/rp2_common/pico_stdio/stdio.c.obj
                0x00000000100020dc                __wrap_putchar
 .text.__wrap_puts
                0x0000000010002180       0x3c CMakeFiles/myapp.dir/opt/pico-sdk/src/rp2_common/pico_stdio/stdio.c.obj
                0x0000000010002180                __wrap_puts
 .text.stdio_set_driver_enabled
                0x00000000100021bc       0x3c CMakeFiles/myapp.dir/opt/pico-sdk/src/rp2_common/pico_stdio/stdio.c.obj
                0x00000000100021bc                stdio_set_driver_enabled
 .text.stdio_init_all
                0x00000000100021f8        0x8 CMakeFiles/myapp.dir/opt/pico-sdk/src/rp2_common/pico_stdio/stdio.c.obj
                0x00000000100021f8                stdio_init_all
 .text.resetd_init
                0x0000000010002200        0x4 CMakeFiles/myapp.dir/opt/pico-sdk/src/rp2_common/pico_stdio_usb/reset_interface.c.obj
 .text.resetd_reset
                0x0000000010002204        0xc CMakeFiles/myapp.dir/opt/pico-sdk/src/rp2_common/pico_stdio_usb/reset_interface.c.obj
 .text.resetd_open
                0x0000000010002210       0x28 CMakeFiles/myapp.dir/opt/pico-sdk/src/rp2_common/pico_stdio_usb/reset_interface.c.obj
 .text.resetd_xfer_cb
                0x0000000010002238        0x4 CMakeFiles/myapp.dir/opt/pico-sdk/src/rp2_common/pico_stdio_usb/reset_interface.c.obj
 .text.resetd_control_xfer_cb
                0x000000001000223c       0x64 CMakeFiles/myapp.dir/opt/pico-sdk/src/rp2_common/pico_stdio_usb/reset_interface.c.obj
 .text.usbd_app_driver_get_cb
                0x00000000100022a0        0xc CMakeFiles/myapp.dir/opt/pico-sdk/src/rp2_common/pico_stdio_usb/reset_interface.c.obj
                0x00000000100022a0                usbd_app_driver_get_cb
 .text.tud_cdc_line_coding_cb
                0x00000000100022ac       0x34 CMakeFiles/myapp.dir/opt/pico-sdk/src/rp2_common/pico_stdio_usb/reset_interface.c.obj
                0x00000000100022ac                tud_cdc_line_coding_cb
 .text.stdio_usb_in_chars
                0x00000000100022e0       0x68 CMakeFiles/myapp.dir/opt/pico-sdk/src/rp2_common/pico_stdio_usb/stdio_usb.c.obj
                0x00000000100022e0                stdio_usb_in_chars
 .text.stdio_usb_out_chars
                0x0000000010002348       0xec CMakeFiles/myapp.dir/opt/pico-sdk/src/rp2_common/pico_stdio_usb/stdio_usb.c.obj
 .text.timer_task
                0x0000000010002434       0x10 CMakeFiles/myapp.dir/opt/pico-sdk/src/rp2_common/pico_stdio_usb/stdio_usb.c.obj
 .text.low_priority_worker_irq
                0x0000000010002444       0x24 CMakeFiles/myapp.dir/opt/pico-sdk/src/rp2_common/pico_stdio_usb/stdio_usb.c.obj
 .text.stdio_usb_init
                0x0000000010002468       0x90 CMakeFiles/myapp.dir/opt/pico-sdk/src/rp2_common/pico_stdio_usb/stdio_usb.c.obj
                0x0000000010002468                stdio_usb_init
 .text.tud_descriptor_device_cb
                0x00000000100024f8        0x8 CMakeFiles/myapp.dir/opt/pico-sdk/src/rp2_common/pico_stdio_usb/stdio_usb_descriptors.c.obj
                0x00000000100024f8                tud_descriptor_device_cb
 .text.tud_descriptor_configuration_cb
                0x0000000010002500        0x8 CMakeFiles/myapp.dir/opt/pico-sdk/src/rp2_common/pico_stdio_usb/stdio_usb_descriptors.c.obj
                0x0000000010002500                tud_descriptor_configuration_cb
 .text.tud_descriptor_string_cb
                0x0000000010002508       0x70 CMakeFiles/myapp.dir/opt/pico-sdk/src/rp2_common/pico_stdio_usb/stdio_usb_descriptors.c.obj
                0x0000000010002508                tud_descriptor_string_cb
 .text.dcd_rp2040_irq
                0x0000000010002578      0x21c CMakeFiles/myapp.dir/opt/pico-sdk/lib/tinyusb/src/portable/raspberrypi/rp2040/dcd_rp2040.c.obj
 .text.dcd_int_enable
                0x0000000010002794        0xc CMakeFiles/myapp.dir/opt/pico-sdk/lib/tinyusb/src/portable/raspberrypi/rp2040/dcd_rp2040.c.obj
                0x0000000010002794                dcd_int_enable
 .text.dcd_set_address
                0x00000000100027a0       0x14 CMakeFiles/myapp.dir/opt/pico-sdk/lib/tinyusb/src/portable/raspberrypi/rp2040/dcd_rp2040.c.obj
                0x00000000100027a0                dcd_set_address
 .text.dcd_connect
                0x00000000100027b4       0x10 CMakeFiles/myapp.dir/opt/pico-sdk/lib/tinyusb/src/portable/raspberrypi/rp2040/dcd_rp2040.c.obj
                0x00000000100027b4                dcd_connect
 .text.dcd_init
                0x00000000100027c4      0x148 CMakeFiles/myapp.dir/opt/pico-sdk/lib/tinyusb/src/portable/raspberrypi/rp2040/dcd_rp2040.c.obj
                0x00000000100027c4                dcd_init
 .text.dcd_edpt0_status_complete
                0x000000001000290c       0x1c CMakeFiles/myapp.dir/opt/pico-sdk/lib/tinyusb/src/portable/raspberrypi/rp2040/dcd_rp2040.c.obj
                0x000000001000290c                dcd_edpt0_status_complete
 .text.dcd_edpt_open
                0x0000000010002928       0xf0 CMakeFiles/myapp.dir/opt/pico-sdk/lib/tinyusb/src/portable/raspberrypi/rp2040/dcd_rp2040.c.obj
                0x0000000010002928                dcd_edpt_open
 .text.dcd_edpt_close_all
                0x0000000010002a18       0xbc CMakeFiles/myapp.dir/opt/pico-sdk/lib/tinyusb/src/portable/raspberrypi/rp2040/dcd_rp2040.c.obj
                0x0000000010002a18                dcd_edpt_close_all
 .text.dcd_edpt_xfer
                0x0000000010002ad4       0x24 CMakeFiles/myapp.dir/opt/pico-sdk/lib/tinyusb/src/portable/raspberrypi/rp2040/dcd_rp2040.c.obj
                0x0000000010002ad4                dcd_edpt_xfer
 .text.dcd_edpt_stall
                0x0000000010002af8       0x38 CMakeFiles/myapp.dir/opt/pico-sdk/lib/tinyusb/src/portable/raspberrypi/rp2040/dcd_rp2040.c.obj
                0x0000000010002af8                dcd_edpt_stall
 .text.dcd_edpt_clear_stall
                0x0000000010002b30       0x30 CMakeFiles/myapp.dir/opt/pico-sdk/lib/tinyusb/src/portable/raspberrypi/rp2040/dcd_rp2040.c.obj
                0x0000000010002b30                dcd_edpt_clear_stall
 .text._hw_endpoint_buffer_control_update32.part.0
                0x0000000010002b60       0x20 CMakeFiles/myapp.dir/opt/pico-sdk/lib/tinyusb/src/portable/raspberrypi/rp2040/rp2040_usb.c.obj
 .text.rp2040_usb_init
                0x0000000010002b80       0x4c CMakeFiles/myapp.dir/opt/pico-sdk/lib/tinyusb/src/portable/raspberrypi/rp2040/rp2040_usb.c.obj
                0x0000000010002b80                rp2040_usb_init
 .text.hw_endpoint_reset_transfer
                0x0000000010002bcc        0xc CMakeFiles/myapp.dir/opt/pico-sdk/lib/tinyusb/src/portable/raspberrypi/rp2040/rp2040_usb.c.obj
                0x0000000010002bcc                hw_endpoint_reset_transfer
 .text._hw_endpoint_buffer_control_update32
                0x0000000010002bd8       0x40 CMakeFiles/myapp.dir/opt/pico-sdk/lib/tinyusb/src/portable/raspberrypi/rp2040/rp2040_usb.c.obj
                0x0000000010002bd8                _hw_endpoint_buffer_control_update32
 .text.hw_endpoint_xfer_start
                0x0000000010002c18      0x138 CMakeFiles/myapp.dir/opt/pico-sdk/lib/tinyusb/src/portable/raspberrypi/rp2040/rp2040_usb.c.obj
                0x0000000010002c18                hw_endpoint_xfer_start
 .text.hw_endpoint_xfer_continue
                0x0000000010002d50      0x1e4 CMakeFiles/myapp.dir/opt/pico-sdk/lib/tinyusb/src/portable/raspberrypi/rp2040/rp2040_usb.c.obj
                0x0000000010002d50                hw_endpoint_xfer_continue
 .text.tud_mounted
                0x0000000010002f34       0x10 CMakeFiles/myapp.dir/opt/pico-sdk/lib/tinyusb/src/device/usbd.c.obj
                0x0000000010002f34                tud_mounted
 .text.tud_suspended
                0x0000000010002f44       0x10 CMakeFiles/myapp.dir/opt/pico-sdk/lib/tinyusb/src/device/usbd.c.obj
                0x0000000010002f44                tud_suspended
 .text.tud_inited
                0x0000000010002f54        0xc CMakeFiles/myapp.dir/opt/pico-sdk/lib/tinyusb/src/device/usbd.c.obj
                0x0000000010002f54                tud_inited
 .text.tud_init
                0x0000000010002f60       0xd8 CMakeFiles/myapp.dir/opt/pico-sdk/lib/tinyusb/src/device/usbd.c.obj
                0x0000000010002f60                tud_init
 .text.tud_task
                0x0000000010003038      0x8ec CMakeFiles/myapp.dir/opt/pico-sdk/lib/tinyusb/src/device/usbd.c.obj
                0x0000000010003038                tud_task
 .text.dcd_event_bus_signal
                0x0000000010003924      0x120 CMakeFiles/myapp.dir/opt/pico-sdk/lib/tinyusb/src/device/usbd.c.obj
                0x0000000010003924                dcd_event_bus_signal
 .text.dcd_event_bus_reset
                0x0000000010003a44       0x54 CMakeFiles/myapp.dir/opt/pico-sdk/lib/tinyusb/src/device/usbd.c.obj
                0x0000000010003a44                dcd_event_bus_reset
 .text.dcd_event_setup_received
                0x0000000010003a98       0x50 CMakeFiles/myapp.dir/opt/pico-sdk/lib/tinyusb/src/device/usbd.c.obj
                0x0000000010003a98                dcd_event_setup_received
 .text.dcd_event_xfer_complete
                0x0000000010003ae8       0x68 CMakeFiles/myapp.dir/opt/pico-sdk/lib/tinyusb/src/device/usbd.c.obj
                0x0000000010003ae8                dcd_event_xfer_complete
 .text.usbd_open_edpt_pair
                0x0000000010003b50       0x80 CMakeFiles/myapp.dir/opt/pico-sdk/lib/tinyusb/src/device/usbd.c.obj
                0x0000000010003b50                usbd_open_edpt_pair
 .text.usbd_edpt_open
                0x0000000010003bd0       0x30 CMakeFiles/myapp.dir/opt/pico-sdk/lib/tinyusb/src/device/usbd.c.obj
                0x0000000010003bd0                usbd_edpt_open
 .text.usbd_edpt_claim
                0x0000000010003c00       0x64 CMakeFiles/myapp.dir/opt/pico-sdk/lib/tinyusb/src/device/usbd.c.obj
                0x0000000010003c00                usbd_edpt_claim
 .text.usbd_edpt_release
                0x0000000010003c64       0x4c CMakeFiles/myapp.dir/opt/pico-sdk/lib/tinyusb/src/device/usbd.c.obj
                0x0000000010003c64                usbd_edpt_release
 .text.usbd_edpt_xfer
                0x0000000010003cb0       0x48 CMakeFiles/myapp.dir/opt/pico-sdk/lib/tinyusb/src/device/usbd.c.obj
                0x0000000010003cb0                usbd_edpt_xfer
 .text.tud_control_status
                0x0000000010003cf8       0x30 CMakeFiles/myapp.dir/opt/pico-sdk/lib/tinyusb/src/device/usbd_control.c.obj
                0x0000000010003cf8                tud_control_status
 .text.tud_control_xfer
                0x0000000010003d28       0xb8 CMakeFiles/myapp.dir/opt/pico-sdk/lib/tinyusb/src/device/usbd_control.c.obj
                0x0000000010003d28                tud_control_xfer
 .text.usbd_control_reset
                0x0000000010003de0       0x14 CMakeFiles/myapp.dir/opt/pico-sdk/lib/tinyusb/src/device/usbd_control.c.obj
                0x0000000010003de0                usbd_control_reset
 .text.usbd_control_set_complete_callback
                0x0000000010003df4        0xc CMakeFiles/myapp.dir/opt/pico-sdk/lib/tinyusb/src/device/usbd_control.c.obj
                0x0000000010003df4                usbd_control_set_complete_callback
 .text.usbd_control_set_request
                0x0000000010003e00       0x1c CMakeFiles/myapp.dir/opt/pico-sdk/lib/tinyusb/src/device/usbd_control.c.obj
                0x0000000010003e00                usbd_control_set_request
 .text.usbd_control_xfer_cb
                0x0000000010003e1c       0xf8 CMakeFiles/myapp.dir/opt/pico-sdk/lib/tinyusb/src/device/usbd_control.c.obj
                0x0000000010003e1c                usbd_control_xfer_cb
 .text.tud_cdc_n_connected
                0x0000000010003f14       0x30 CMakeFiles/myapp.dir/opt/pico-sdk/lib/tinyusb/src/class/cdc/cdc_device.c.obj
                0x0000000010003f14                tud_cdc_n_connected
 .text.tud_cdc_n_available
                0x0000000010003f44       0x18 CMakeFiles/myapp.dir/opt/pico-sdk/lib/tinyusb/src/class/cdc/cdc_device.c.obj
                0x0000000010003f44                tud_cdc_n_available
 .text.tud_cdc_n_read
                0x0000000010003f5c       0x70 CMakeFiles/myapp.dir/opt/pico-sdk/lib/tinyusb/src/class/cdc/cdc_device.c.obj
                0x0000000010003f5c                tud_cdc_n_read
 .text.tud_cdc_n_write_flush
                0x0000000010003fcc       0x78 CMakeFiles/myapp.dir/opt/pico-sdk/lib/tinyusb/src/class/cdc/cdc_device.c.obj
                0x0000000010003fcc                tud_cdc_n_write_flush
 .text.tud_cdc_n_write
                0x0000000010004044       0x34 CMakeFiles/myapp.dir/opt/pico-sdk/lib/tinyusb/src/class/cdc/cdc_device.c.obj
                0x0000000010004044                tud_cdc_n_write
 .text.tud_cdc_n_write_available
                0x0000000010004078       0x18 CMakeFiles/myapp.dir/opt/pico-sdk/lib/tinyusb/src/class/cdc/cdc_device.c.obj
                0x0000000010004078                tud_cdc_n_write_available
 .text.cdcd_init
                0x0000000010004090       0x7c CMakeFiles/myapp.dir/opt/pico-sdk/lib/tinyusb/src/class/cdc/cdc_device.c.obj
                0x0000000010004090                cdcd_init
 .text.cdcd_reset
                0x000000001000410c       0x2c CMakeFiles/myapp.dir/opt/pico-sdk/lib/tinyusb/src/class/cdc/cdc_device.c.obj
                0x000000001000410c                cdcd_reset
 .text.cdcd_open
                0x0000000010004138       0xe4 CMakeFiles/myapp.dir/opt/pico-sdk/lib/tinyusb/src/class/cdc/cdc_device.c.obj
                0x0000000010004138                cdcd_open
 .text.cdcd_control_xfer_cb
                0x000000001000421c       0xe4 CMakeFiles/myapp.dir/opt/pico-sdk/lib/tinyusb/src/class/cdc/cdc_device.c.obj
                0x000000001000421c                cdcd_control_xfer_cb
 .text.cdcd_xfer_cb
                0x0000000010004300      0x198 CMakeFiles/myapp.dir/opt/pico-sdk/lib/tinyusb/src/class/cdc/cdc_device.c.obj
                0x0000000010004300                cdcd_xfer_cb
 .text.tusb_init
                0x0000000010004498        0xc CMakeFiles/myapp.dir/opt/pico-sdk/lib/tinyusb/src/tusb.c.obj
                0x0000000010004498                tusb_init
 .text.tusb_inited
                0x00000000100044a4        0x8 CMakeFiles/myapp.dir/opt/pico-sdk/lib/tinyusb/src/tusb.c.obj
                0x00000000100044a4                tusb_inited
 .text.tu_edpt_validate
                0x00000000100044ac       0x78 CMakeFiles/myapp.dir/opt/pico-sdk/lib/tinyusb/src/tusb.c.obj
                0x00000000100044ac                tu_edpt_validate
 .text.tu_edpt_bind_driver
                0x0000000010004524       0x2c CMakeFiles/myapp.dir/opt/pico-sdk/lib/tinyusb/src/tusb.c.obj
                0x0000000010004524                tu_edpt_bind_driver
 .text.tu_fifo_config
                0x0000000010004550       0x78 CMakeFiles/myapp.dir/opt/pico-sdk/lib/tinyusb/src/common/tusb_fifo.c.obj
                0x0000000010004550                tu_fifo_config
 .text.tu_fifo_count
                0x00000000100045c8       0x20 CMakeFiles/myapp.dir/opt/pico-sdk/lib/tinyusb/src/common/tusb_fifo.c.obj
                0x00000000100045c8                tu_fifo_count
 .text.tu_fifo_empty
                0x00000000100045e8       0x10 CMakeFiles/myapp.dir/opt/pico-sdk/lib/tinyusb/src/common/tusb_fifo.c.obj
                0x00000000100045e8                tu_fifo_empty
 .text.tu_fifo_remaining
                0x00000000100045f8       0x1c CMakeFiles/myapp.dir/opt/pico-sdk/lib/tinyusb/src/common/tusb_fifo.c.obj
                0x00000000100045f8                tu_fifo_remaining
 .text.tu_fifo_read
                0x0000000010004614       0x9c CMakeFiles/myapp.dir/opt/pico-sdk/lib/tinyusb/src/common/tusb_fifo.c.obj
                0x0000000010004614                tu_fifo_read
 .text.tu_fifo_read_n
                0x00000000100046b0      0x100 CMakeFiles/myapp.dir/opt/pico-sdk/lib/tinyusb/src/common/tusb_fifo.c.obj
                0x00000000100046b0                tu_fifo_read_n
 .text.tu_fifo_write
                0x00000000100047b0       0x7c CMakeFiles/myapp.dir/opt/pico-sdk/lib/tinyusb/src/common/tusb_fifo.c.obj
                0x00000000100047b0                tu_fifo_write
 .text.tu_fifo_write_n
                0x000000001000482c       0xf8 CMakeFiles/myapp.dir/opt/pico-sdk/lib/tinyusb/src/common/tusb_fifo.c.obj
                0x000000001000482c                tu_fifo_write_n
 .text.tu_fifo_clear
                0x0000000010004924       0x4c CMakeFiles/myapp.dir/opt/pico-sdk/lib/tinyusb/src/common/tusb_fifo.c.obj
                0x0000000010004924                tu_fifo_clear
 .text.tu_fifo_set_overwritable
                0x0000000010004970       0x3c CMakeFiles/myapp.dir/opt/pico-sdk/lib/tinyusb/src/common/tusb_fifo.c.obj
                0x0000000010004970                tu_fifo_set_overwritable
 .text.startup._retrieve_unique_id_on_boot
                0x00000000100049ac       0x10 CMakeFiles/myapp.dir/opt/pico-sdk/src/rp2_common/pico_unique_id/unique_id.c.obj
 .text.pico_get_unique_board_id_string
                0x00000000100049bc      0x1bc CMakeFiles/myapp.dir/opt/pico-sdk/src/rp2_common/pico_unique_id/unique_id.c.obj
                0x00000000100049bc                pico_get_unique_board_id_string
 .text.flash_get_unique_id
                0x0000000010004b78       0x40 CMakeFiles/myapp.dir/opt/pico-sdk/src/rp2_common/hardware_flash/flash.c.obj
                0x0000000010004b78                flash_get_unique_id
 .text          0x0000000010004bb8       0x68 /usr/lib/gcc/arm-none-eabi/9.2.1/../../../arm-none-eabi/lib/thumb/v6-m/nofp/libc.a(lib_a-strlen-stub.o)
                0x0000000010004bb8                strlen
 *(.fini)
 .fini          0x0000000010004c20        0x4 /usr/lib/gcc/arm-none-eabi/9.2.1/thumb/v6-m/nofp/crti.o
                0x0000000010004c20                _fini
 *fill*         0x0000000010004c24        0x4 
 .fini.__stub   0x0000000010004c28       0x60 linker stubs
 *crtbegin.o(.ctors)
 *crtbegin?.o(.ctors)
 *(EXCLUDE_FILE(*crtend.o *crtend?.o) .ctors)
 *(SORT_BY_NAME(.ctors.*))
 *(.ctors)
 *crtbegin.o(.dtors)
 *crtbegin?.o(.dtors)
 *(EXCLUDE_FILE(*crtend.o *crtend?.o) .dtors)
 *(SORT_BY_NAME(.dtors.*))
 *(.dtors)
 *(.eh_frame*)
 .eh_frame      0x0000000010004c88        0x0 /usr/lib/gcc/arm-none-eabi/9.2.1/thumb/v6-m/nofp/crtbegin.o
                0x0000000010004c88                . = ALIGN (0x4)

.glue_7         0x0000000010004c88        0x0
 .glue_7        0x0000000010004c88        0x0 linker stubs

.glue_7t        0x0000000010004c88        0x0
 .glue_7t       0x0000000010004c88        0x0 linker stubs

.vfp11_veneer   0x0000000010004c88        0x0
 .vfp11_veneer  0x0000000010004c88        0x0 linker stubs

.v4_bx          0x0000000010004c88        0x0
 .v4_bx         0x0000000010004c88        0x0 linker stubs

.iplt           0x0000000010004c88        0x0
 .iplt          0x0000000010004c88        0x0 /usr/lib/gcc/arm-none-eabi/9.2.1/thumb/v6-m/nofp/crtbegin.o

.rodata         0x0000000010004c88      0x2b8
 *(EXCLUDE_FILE(*libm.a: *libc.a:*lib_a-mem*.o *libgcc.a:) .rodata*)
 .rodata.main.str1.4
                0x0000000010004c88        0xc CMakeFiles/myapp.dir/main.c.obj
 .rodata.spin_lock_claim_unused.str1.4
                0x0000000010004c94       0x1b CMakeFiles/myapp.dir/opt/pico-sdk/src/rp2_common/hardware_sync/sync.c.obj
 *fill*         0x0000000010004caf        0x1 
 .rodata.hardware_alarm_claim.str1.4
                0x0000000010004cb0       0x22 CMakeFiles/myapp.dir/opt/pico-sdk/src/rp2_common/hardware_timer/timer.c.obj
 *fill*         0x0000000010004cd2        0x2 
 .rodata.panic.str1.4
                0x0000000010004cd4       0x12 CMakeFiles/myapp.dir/opt/pico-sdk/src/rp2_common/pico_runtime/runtime.c.obj
 *fill*         0x0000000010004ce6        0x2 
 .rodata.hard_assertion_failure.str1.4
                0x0000000010004ce8        0xc CMakeFiles/myapp.dir/opt/pico-sdk/src/rp2_common/pico_runtime/runtime.c.obj
 .rodata.str1.4
                0x0000000010004cf4       0x34 CMakeFiles/myapp.dir/opt/pico-sdk/src/rp2_common/pico_standard_link/binary_info.c.obj
 .rodata.__bi_44
                0x0000000010004d28        0xc CMakeFiles/myapp.dir/opt/pico-sdk/src/rp2_common/pico_standard_link/binary_info.c.obj
 .rodata.__bi_75
                0x0000000010004d34        0xc CMakeFiles/myapp.dir/opt/pico-sdk/src/rp2_common/pico_standard_link/binary_info.c.obj
 .rodata.__bi_81
                0x0000000010004d40        0xc CMakeFiles/myapp.dir/opt/pico-sdk/src/rp2_common/pico_standard_link/binary_info.c.obj
 .rodata.crlf_str.5904
                0x0000000010004d4c        0x2 CMakeFiles/myapp.dir/opt/pico-sdk/src/rp2_common/pico_stdio/stdio.c.obj
 *fill*         0x0000000010004d4e        0x2 
 .rodata._resetd_driver
                0x0000000010004d50       0x18 CMakeFiles/myapp.dir/opt/pico-sdk/src/rp2_common/pico_stdio_usb/reset_interface.c.obj
 .rodata.str1.4
                0x0000000010004d68       0x13 CMakeFiles/myapp.dir/opt/pico-sdk/src/rp2_common/pico_stdio_usb/stdio_usb.c.obj
 *fill*         0x0000000010004d7b        0x1 
 .rodata.__bi_93.7182
                0x0000000010004d7c        0xc CMakeFiles/myapp.dir/opt/pico-sdk/src/rp2_common/pico_stdio_usb/stdio_usb.c.obj
 .rodata.str1.4
                0x0000000010004d88       0x2a CMakeFiles/myapp.dir/opt/pico-sdk/src/rp2_common/pico_stdio_usb/stdio_usb_descriptors.c.obj
 *fill*         0x0000000010004db2        0x2 
 .rodata.usbd_desc_cfg
                0x0000000010004db4       0x54 CMakeFiles/myapp.dir/opt/pico-sdk/src/rp2_common/pico_stdio_usb/stdio_usb_descriptors.c.obj
 .rodata.usbd_desc_device
                0x0000000010004e08       0x12 CMakeFiles/myapp.dir/opt/pico-sdk/src/rp2_common/pico_stdio_usb/stdio_usb_descriptors.c.obj
 *fill*         0x0000000010004e1a        0x2 
 .rodata.usbd_desc_str
                0x0000000010004e1c       0x18 CMakeFiles/myapp.dir/opt/pico-sdk/src/rp2_common/pico_stdio_usb/stdio_usb_descriptors.c.obj
 .rodata.dcd_rp2040_irq.str1.4
                0x0000000010004e34       0x14 CMakeFiles/myapp.dir/opt/pico-sdk/lib/tinyusb/src/portable/raspberrypi/rp2040/dcd_rp2040.c.obj
 .rodata._hw_endpoint_buffer_control_update32.part.0.str1.4
                0x0000000010004e48       0x1f CMakeFiles/myapp.dir/opt/pico-sdk/lib/tinyusb/src/portable/raspberrypi/rp2040/rp2040_usb.c.obj
 *fill*         0x0000000010004e67        0x1 
 .rodata.hw_endpoint_xfer_continue.str1.4
                0x0000000010004e68       0x29 CMakeFiles/myapp.dir/opt/pico-sdk/lib/tinyusb/src/portable/raspberrypi/rp2040/rp2040_usb.c.obj
 *fill*         0x0000000010004e91        0x3 
 .rodata.str1.4
                0x0000000010004e94        0x7 CMakeFiles/myapp.dir/opt/pico-sdk/lib/tinyusb/src/portable/raspberrypi/rp2040/rp2040_usb.c.obj
 *fill*         0x0000000010004e9b        0x1 
 .rodata.tud_task
                0x0000000010004e9c       0x8c CMakeFiles/myapp.dir/opt/pico-sdk/lib/tinyusb/src/device/usbd.c.obj
 .rodata._usbd_driver
                0x0000000010004f28       0x18 CMakeFiles/myapp.dir/opt/pico-sdk/lib/tinyusb/src/device/usbd.c.obj
                0x0000000010004f40                . = ALIGN (0x4)
 *(SORT_BY_ALIGNMENT(SORT_BY_NAME(.flashdata*)))
                0x0000000010004f40                . = ALIGN (0x4)

.rel.dyn        0x0000000010004f40        0x0
 .rel.iplt      0x0000000010004f40        0x0 /usr/lib/gcc/arm-none-eabi/9.2.1/thumb/v6-m/nofp/crtbegin.o

.ARM.extab
 *(.ARM.extab* .gnu.linkonce.armextab.*)
                0x0000000010004f40                __exidx_start = .

.ARM.exidx
 *(.ARM.exidx* .gnu.linkonce.armexidx.*)
                0x0000000010004f40                __exidx_end = .
                0x0000000010004f40                . = ALIGN (0x4)
                0x0000000010004f40                __binary_info_start = .

.binary_info    0x0000000010004f40       0x1c
 *(.binary_info.keep.*)
 .binary_info.keep.__bi_ptr22
                0x0000000010004f40        0x4 CMakeFiles/myapp.dir/opt/pico-sdk/src/rp2_common/pico_standard_link/binary_info.c.obj
 .binary_info.keep.__bi_ptr30
                0x0000000010004f44        0x4 CMakeFiles/myapp.dir/opt/pico-sdk/src/rp2_common/pico_standard_link/binary_info.c.obj
 .binary_info.keep.__bi_ptr44
                0x0000000010004f48        0x4 CMakeFiles/myapp.dir/opt/pico-sdk/src/rp2_common/pico_standard_link/binary_info.c.obj
 .binary_info.keep.__bi_ptr50
                0x0000000010004f4c        0x4 CMakeFiles/myapp.dir/opt/pico-sdk/src/rp2_common/pico_standard_link/binary_info.c.obj
 .binary_info.keep.__bi_ptr75
                0x0000000010004f50        0x4 CMakeFiles/myapp.dir/opt/pico-sdk/src/rp2_common/pico_standard_link/binary_info.c.obj
 .binary_info.keep.__bi_ptr81
                0x0000000010004f54        0x4 CMakeFiles/myapp.dir/opt/pico-sdk/src/rp2_common/pico_standard_link/binary_info.c.obj
 *(.binary_info.*)
 .binary_info.__bi_ptr93
                0x0000000010004f58        0x4 CMakeFiles/myapp.dir/opt/pico-sdk/src/rp2_common/pico_stdio_usb/stdio_usb.c.obj
                0x0000000010004f5c                __binary_info_end = .
                0x0000000010004f5c                . = ALIGN (0x4)
                0x0000000010004f5c                __etext = .

.ram_vector_table
                0x0000000020000000       0xc0
 *(.ram_vector_table)
 .ram_vector_table
                0x0000000020000000       0xc0 CMakeFiles/myapp.dir/opt/pico-sdk/src/rp2_common/pico_runtime/runtime.c.obj
                0x0000000020000000                ram_vector_table

.data           0x00000000200000c0      0x3c0 load address 0x0000000010004f5c
                0x00000000200000c0                __data_start__ = .
 *(vtable)
 *(.time_critical*)
 .time_critical.mutex_enter_blocking
                0x00000000200000c0       0x48 CMakeFiles/myapp.dir/opt/pico-sdk/src/common/pico_sync/mutex.c.obj
                0x00000000200000c0                mutex_enter_blocking
 .time_critical.mutex_try_enter
                0x0000000020000108       0x48 CMakeFiles/myapp.dir/opt/pico-sdk/src/common/pico_sync/mutex.c.obj
                0x0000000020000108                mutex_try_enter
 .time_critical.mutex_enter_timeout_ms
                0x0000000020000150       0x98 CMakeFiles/myapp.dir/opt/pico-sdk/src/common/pico_sync/mutex.c.obj
                0x0000000020000150                mutex_enter_timeout_ms
 .time_critical.mutex_exit
                0x00000000200001e8       0x28 CMakeFiles/myapp.dir/opt/pico-sdk/src/common/pico_sync/mutex.c.obj
                0x00000000200001e8                mutex_exit
 .time_critical.flash_init_boot2_copyout
                0x0000000020000210       0x30 CMakeFiles/myapp.dir/opt/pico-sdk/src/rp2_common/hardware_flash/flash.c.obj
 .time_critical.flash_enable_xip_via_boot2
                0x0000000020000240       0x10 CMakeFiles/myapp.dir/opt/pico-sdk/src/rp2_common/hardware_flash/flash.c.obj
 .time_critical.flash_cs_force
                0x0000000020000250       0x38 CMakeFiles/myapp.dir/opt/pico-sdk/src/rp2_common/hardware_flash/flash.c.obj
 .time_critical.flash_do_cmd
                0x0000000020000288       0xc4 CMakeFiles/myapp.dir/opt/pico-sdk/src/rp2_common/hardware_flash/flash.c.obj
                0x0000000020000288                flash_do_cmd
 *(.text*)
 .text          0x000000002000034c        0x4 /usr/lib/gcc/arm-none-eabi/9.2.1/thumb/v6-m/nofp/libgcc.a(_dvmd_tls.o)
                0x000000002000034c                __aeabi_ldiv0
                0x000000002000034c                __aeabi_idiv0
 .text.__stub   0x0000000020000350       0x30 linker stubs
                0x0000000020000380                . = ALIGN (0x4)
 *(.rodata*)
                0x0000000020000380                . = ALIGN (0x4)
 *(.data*)
 .data.striped_spin_lock_num
                0x0000000020000380        0x1 CMakeFiles/myapp.dir/opt/pico-sdk/src/rp2_common/hardware_sync/sync.c.obj
 *fill*         0x0000000020000381        0x3 
 .data.default_alarm_pool
                0x0000000020000384       0x18 CMakeFiles/myapp.dir/opt/pico-sdk/src/common/pico_time/time.c.obj
 .data.default_alarm_pool_heap
                0x000000002000039c       0x10 CMakeFiles/myapp.dir/opt/pico-sdk/src/common/pico_time/time.c.obj
 .data          0x00000000200003ac       0x48 CMakeFiles/myapp.dir/opt/pico-sdk/src/rp2_common/hardware_irq/irq_handler_chain.S.obj
                0x00000000200003ac                irq_handler_chain_slots
                0x00000000200003dc                irq_handler_chain_first_slot
                0x00000000200003e6                irq_handler_chain_remove_tail
 *fill*         0x00000000200003f4        0xc 
 .data.aeabi_bits_funcs
                0x0000000020000400       0x10 CMakeFiles/myapp.dir/opt/pico-sdk/src/rp2_common/pico_bit_ops/bit_ops_aeabi.S.obj
                0x0000000020000400                aeabi_bits_funcs
                0x0000000020000410                aeabi_bits_funcs_end
 .data.aeabi_mem_funcs
                0x0000000020000410       0x10 CMakeFiles/myapp.dir/opt/pico-sdk/src/rp2_common/pico_mem_ops/mem_ops_aeabi.S.obj
                0x0000000020000410                aeabi_mem_funcs
                0x0000000020000420                aeabi_mem_funcs_end
 .data.stdio_usb
                0x0000000020000420       0x14 CMakeFiles/myapp.dir/opt/pico-sdk/src/rp2_common/pico_stdio_usb/stdio_usb.c.obj
                0x0000000020000420                stdio_usb
 .data.ep_dir_string
                0x0000000020000434        0x8 CMakeFiles/myapp.dir/opt/pico-sdk/lib/tinyusb/src/portable/raspberrypi/rp2040/rp2040_usb.c.obj
                0x0000000020000434                ep_dir_string
 .data._usbd_qdef
                0x000000002000043c       0x24 CMakeFiles/myapp.dir/opt/pico-sdk/lib/tinyusb/src/device/usbd.c.obj
                0x000000002000043c                _usbd_qdef
                0x0000000020000460                . = ALIGN (0x4)
 *(.after_data.*)
                0x0000000020000460                . = ALIGN (0x4)
                0x0000000020000460                PROVIDE (__mutex_array_start = .)
 *(SORT_BY_NAME(.mutex_array.*))
 *(.mutex_array)
 .mutex_array   0x0000000020000460        0x8 CMakeFiles/myapp.dir/opt/pico-sdk/src/rp2_common/pico_stdio/stdio.c.obj
                0x0000000020000468                PROVIDE (__mutex_array_end = .)
                0x0000000020000468                . = ALIGN (0x4)
                0x0000000020000468                PROVIDE (__preinit_array_start = .)
 *(SORT_BY_NAME(.preinit_array.*))
 .preinit_array.00001
                0x0000000020000468        0x4 CMakeFiles/myapp.dir/opt/pico-sdk/src/rp2_common/pico_mem_ops/mem_ops_aeabi.S.obj
 .preinit_array.00010
                0x000000002000046c        0x4 CMakeFiles/myapp.dir/opt/pico-sdk/src/rp2_common/pico_bit_ops/bit_ops_aeabi.S.obj
 .preinit_array.00020
                0x0000000020000470        0x4 CMakeFiles/myapp.dir/opt/pico-sdk/src/rp2_common/pico_double/double_aeabi.S.obj
 .preinit_array.00020
                0x0000000020000474        0x4 CMakeFiles/myapp.dir/opt/pico-sdk/src/rp2_common/pico_float/float_aeabi.S.obj
 *(.preinit_array)
                0x0000000020000478                PROVIDE (__preinit_array_end = .)
                0x0000000020000478                . = ALIGN (0x4)
                0x0000000020000478                PROVIDE (__init_array_start = .)
 *(SORT_BY_NAME(.init_array.*))
 *(.init_array)
 .init_array    0x0000000020000478        0x4 /usr/lib/gcc/arm-none-eabi/9.2.1/thumb/v6-m/nofp/crtbegin.o
 .init_array    0x000000002000047c        0x4 CMakeFiles/myapp.dir/opt/pico-sdk/src/rp2_common/pico_unique_id/unique_id.c.obj
                0x0000000020000480                PROVIDE (__init_array_end = .)
                0x0000000020000480                . = ALIGN (0x4)
                0x0000000020000480                PROVIDE (__fini_array_start = .)
 *(SORT_BY_NAME(.fini_array.*))
 *(.fini_array)
                0x0000000020000480                PROVIDE (__fini_array_end = .)
 *(.jcr)
                0x0000000020000480                . = ALIGN (0x4)
                0x0000000020000480                __data_end__ = .

.tm_clone_table
                0x0000000020000480        0x0 load address 0x000000001000531c
 .tm_clone_table
                0x0000000020000480        0x0 /usr/lib/gcc/arm-none-eabi/9.2.1/thumb/v6-m/nofp/crtbegin.o
 .tm_clone_table
                0x0000000020000480        0x0 /usr/lib/gcc/arm-none-eabi/9.2.1/thumb/v6-m/nofp/crtend.o

.igot.plt       0x0000000020000480        0x0 load address 0x000000001000531c
 .igot.plt      0x0000000020000480        0x0 /usr/lib/gcc/arm-none-eabi/9.2.1/thumb/v6-m/nofp/crtbegin.o

.uninitialized_data
                0x0000000020000480        0x0 load address 0x000000001000531c
                0x0000000020000480                . = ALIGN (0x4)
 *(.uninitialized_data*)

.scratch_x      0x0000000020040000        0x0 load address 0x000000001000531c
                0x0000000020040000                __scratch_x_start__ = .
 *(.scratch_x.*)
                0x0000000020040000                . = ALIGN (0x4)
                0x0000000020040000                __scratch_x_end__ = .
                0x000000001000531c                __scratch_x_source__ = LOADADDR (.scratch_x)

.scratch_y      0x0000000020041000        0x0 load address 0x000000001000531c
                0x0000000020041000                __scratch_y_start__ = .
 *(.scratch_y.*)
                0x0000000020041000                . = ALIGN (0x4)
                0x0000000020041000                __scratch_y_end__ = .
                0x000000001000531c                __scratch_y_source__ = LOADADDR (.scratch_y)

.bss            0x0000000020000480      0xd80
                0x0000000020000480                . = ALIGN (0x4)
                0x0000000020000480                __bss_start__ = .
 *(SORT_BY_ALIGNMENT(SORT_BY_NAME(.bss*)))
 .bss.default_alarm_pool_entries
                0x0000000020000480      0x100 CMakeFiles/myapp.dir/opt/pico-sdk/src/common/pico_time/time.c.obj
 .bss.last_avail_time.7161
                0x0000000020000580        0x8 CMakeFiles/myapp.dir/opt/pico-sdk/src/rp2_common/pico_stdio_usb/stdio_usb.c.obj
 .bss           0x0000000020000588       0x1c /usr/lib/gcc/arm-none-eabi/9.2.1/thumb/v6-m/nofp/crtbegin.o
 .bss._app_driver
                0x00000000200005a4        0x4 CMakeFiles/myapp.dir/opt/pico-sdk/lib/tinyusb/src/device/usbd.c.obj
 .bss._cdcd_itf
                0x00000000200005a8      0x2d8 CMakeFiles/myapp.dir/opt/pico-sdk/lib/tinyusb/src/class/cdc/cdc_device.c.obj
 .bss._ctrl_xfer
                0x0000000020000880       0x14 CMakeFiles/myapp.dir/opt/pico-sdk/lib/tinyusb/src/device/usbd_control.c.obj
 .bss._ubsd_mutexdef
                0x0000000020000894        0x8 CMakeFiles/myapp.dir/opt/pico-sdk/lib/tinyusb/src/device/usbd.c.obj
 .bss._usbd_ctrl_buf
                0x000000002000089c       0x40 CMakeFiles/myapp.dir/opt/pico-sdk/lib/tinyusb/src/device/usbd_control.c.obj
 .bss._usbd_dev
                0x00000000200008dc       0x53 CMakeFiles/myapp.dir/opt/pico-sdk/lib/tinyusb/src/device/usbd.c.obj
 *fill*         0x000000002000092f        0x1 
 .bss._usbd_mutex
                0x0000000020000930        0x4 CMakeFiles/myapp.dir/opt/pico-sdk/lib/tinyusb/src/device/usbd.c.obj
 .bss._usbd_q   0x0000000020000934        0x4 CMakeFiles/myapp.dir/opt/pico-sdk/lib/tinyusb/src/device/usbd.c.obj
 .bss.alarm_callbacks
                0x0000000020000938       0x10 CMakeFiles/myapp.dir/opt/pico-sdk/src/rp2_common/hardware_timer/timer.c.obj
 .bss.boot2_copyout
                0x0000000020000948      0x100 CMakeFiles/myapp.dir/opt/pico-sdk/src/rp2_common/hardware_flash/flash.c.obj
 .bss.claimed   0x0000000020000a48        0x4 CMakeFiles/myapp.dir/opt/pico-sdk/src/rp2_common/hardware_sync/sync.c.obj
 .bss.configured_freq
                0x0000000020000a4c       0x28 CMakeFiles/myapp.dir/opt/pico-sdk/src/rp2_common/hardware_clocks/clocks.c.obj
 .bss.default_alarm_pool_entry_ids_high
                0x0000000020000a74       0x10 CMakeFiles/myapp.dir/opt/pico-sdk/src/common/pico_time/time.c.obj
 .bss.default_alarm_pool_heap_nodes
                0x0000000020000a84       0x30 CMakeFiles/myapp.dir/opt/pico-sdk/src/common/pico_time/time.c.obj
 .bss.desc_str.7060
                0x0000000020000ab4       0x28 CMakeFiles/myapp.dir/opt/pico-sdk/src/rp2_common/pico_stdio_usb/stdio_usb_descriptors.c.obj
 .bss.drivers   0x0000000020000adc        0x4 CMakeFiles/myapp.dir/opt/pico-sdk/src/rp2_common/pico_stdio/stdio.c.obj
 .bss.filter    0x0000000020000ae0        0x4 CMakeFiles/myapp.dir/opt/pico-sdk/src/rp2_common/pico_stdio/stdio.c.obj
 .bss.hw_endpoints
                0x0000000020000ae4      0x400 CMakeFiles/myapp.dir/opt/pico-sdk/lib/tinyusb/src/portable/raspberrypi/rp2040/dcd_rp2040.c.obj
 .bss.lazy_vsnprintf
                0x0000000020000ee4        0x4 CMakeFiles/myapp.dir/opt/pico-sdk/src/rp2_common/pico_printf/printf.c.obj
 .bss.load_value
                0x0000000020000ee8        0x4 CMakeFiles/myapp.dir/opt/pico-sdk/src/rp2_common/hardware_watchdog/watchdog.c.obj
 .bss.next_buffer_ptr
                0x0000000020000eec        0x4 CMakeFiles/myapp.dir/opt/pico-sdk/lib/tinyusb/src/portable/raspberrypi/rp2040/dcd_rp2040.c.obj
 .bss.pools     0x0000000020000ef0       0x10 CMakeFiles/myapp.dir/opt/pico-sdk/src/common/pico_time/time.c.obj
 .bss.retrieved_id
                0x0000000020000f00        0x8 CMakeFiles/myapp.dir/opt/pico-sdk/src/rp2_common/pico_unique_id/unique_id.c.obj
 .bss.sf_clz_func
                0x0000000020000f08        0x4 CMakeFiles/myapp.dir/opt/pico-sdk/src/rp2_common/pico_double/double_init_rom.c.obj
                0x0000000020000f08                sf_clz_func
 .bss.sleep_notifier
                0x0000000020000f0c        0x4 CMakeFiles/myapp.dir/opt/pico-sdk/src/common/pico_time/time.c.obj
 .bss.stdio_usb_mutex
                0x0000000020000f10        0x8 CMakeFiles/myapp.dir/opt/pico-sdk/src/rp2_common/pico_stdio_usb/stdio_usb.c.obj
 .bss.target_hi
                0x0000000020000f18       0x10 CMakeFiles/myapp.dir/opt/pico-sdk/src/rp2_common/hardware_timer/timer.c.obj
 .bss.usbd_serial_str
                0x0000000020000f28       0x11 CMakeFiles/myapp.dir/opt/pico-sdk/src/rp2_common/pico_stdio_usb/stdio_usb_descriptors.c.obj
 .bss._app_driver_count
                0x0000000020000f39        0x1 CMakeFiles/myapp.dir/opt/pico-sdk/lib/tinyusb/src/device/usbd.c.obj
 .bss._usbd_initialized
                0x0000000020000f3a        0x1 CMakeFiles/myapp.dir/opt/pico-sdk/lib/tinyusb/src/device/usbd.c.obj
 .bss.boot2_copyout_valid
                0x0000000020000f3b        0x1 CMakeFiles/myapp.dir/opt/pico-sdk/src/rp2_common/hardware_flash/flash.c.obj
 .bss.claimed   0x0000000020000f3c        0x1 CMakeFiles/myapp.dir/opt/pico-sdk/src/rp2_common/hardware_timer/timer.c.obj
 .bss.irq_hander_chain_free_slot_head
                0x0000000020000f3d        0x1 CMakeFiles/myapp.dir/opt/pico-sdk/src/rp2_common/hardware_irq/irq.c.obj
 .bss.itf_num   0x0000000020000f3e        0x1 CMakeFiles/myapp.dir/opt/pico-sdk/src/rp2_common/pico_stdio_usb/reset_interface.c.obj
 .bss.timer_callbacks_pending
                0x0000000020000f3f        0x1 CMakeFiles/myapp.dir/opt/pico-sdk/src/rp2_common/hardware_timer/timer.c.obj
 *(COMMON)
 COMMON         0x0000000020000f40      0x100 CMakeFiles/myapp.dir/opt/pico-sdk/src/rp2_common/pico_double/double_init_rom.c.obj
                0x0000000020000f40                sd_table
 COMMON         0x0000000020001040      0x100 CMakeFiles/myapp.dir/opt/pico-sdk/src/rp2_common/pico_float/float_init_rom.c.obj
                0x0000000020001040                sf_table
 COMMON         0x0000000020001140       0xc0 CMakeFiles/myapp.dir/opt/pico-sdk/lib/tinyusb/src/device/usbd.c.obj
                0x0000000020001140                _usbd_qdef_buf
                0x0000000020001200                . = ALIGN (0x4)
                0x0000000020001200                __bss_end__ = .

.heap           0x0000000020001200      0x800
                0x0000000020001200                __end__ = .
                0x0000000020001200                end = __end__
 *(.heap*)
 .heap          0x0000000020001200      0x800 CMakeFiles/myapp.dir/opt/pico-sdk/src/rp2_common/pico_standard_link/crt0.S.obj
                0x0000000020001a00                __HeapLimit = .

.stack1_dummy   0x0000000020040000        0x0
 *(.stack1*)

.stack_dummy    0x0000000020041000      0x800
 *(.stack*)
 .stack         0x0000000020041000      0x800 CMakeFiles/myapp.dir/opt/pico-sdk/src/rp2_common/pico_standard_link/crt0.S.obj

.flash_end      0x000000001000531c        0x0
                0x000000001000531c                __flash_binary_end = .
                0x0000000020040000                __StackLimit = (ORIGIN (RAM) + LENGTH (RAM))
                0x0000000020041000                __StackOneTop = (ORIGIN (SCRATCH_X) + LENGTH (SCRATCH_X))
                0x0000000020042000                __StackTop = (ORIGIN (SCRATCH_Y) + LENGTH (SCRATCH_Y))
                0x0000000020041000                __StackOneBottom = (__StackOneTop - SIZEOF (.stack1_dummy))
                0x0000000020041800                __StackBottom = (__StackTop - SIZEOF (.stack_dummy))
                0x0000000020042000                PROVIDE (__stack = __StackTop)
                0x0000000000000001                ASSERT ((__StackLimit >= __HeapLimit), region RAM overflowed)
                0x0000000000000001                ASSERT (((__binary_info_header_end - __logical_binary_start) <= 0x100), Binary info must be in first 256 bytes of the binary)
LOAD CMakeFiles/myapp.dir/main.c.obj
LOAD CMakeFiles/myapp.dir/opt/pico-sdk/src/rp2_common/pico_stdlib/stdlib.c.obj
LOAD CMakeFiles/myapp.dir/opt/pico-sdk/src/rp2_common/hardware_gpio/gpio.c.obj
LOAD CMakeFiles/myapp.dir/opt/pico-sdk/src/rp2_common/hardware_claim/claim.c.obj
LOAD CMakeFiles/myapp.dir/opt/pico-sdk/src/rp2_common/pico_platform/platform.c.obj
LOAD CMakeFiles/myapp.dir/opt/pico-sdk/src/rp2_common/hardware_sync/sync.c.obj
LOAD CMakeFiles/myapp.dir/opt/pico-sdk/src/rp2_common/hardware_uart/uart.c.obj
LOAD CMakeFiles/myapp.dir/opt/pico-sdk/src/rp2_common/hardware_divider/divider.S.obj
LOAD CMakeFiles/myapp.dir/opt/pico-sdk/src/common/pico_time/time.c.obj
LOAD CMakeFiles/myapp.dir/opt/pico-sdk/src/common/pico_time/timeout_helper.c.obj
LOAD CMakeFiles/myapp.dir/opt/pico-sdk/src/rp2_common/hardware_timer/timer.c.obj
LOAD CMakeFiles/myapp.dir/opt/pico-sdk/src/common/pico_sync/sem.c.obj
LOAD CMakeFiles/myapp.dir/opt/pico-sdk/src/common/pico_sync/lock_core.c.obj
LOAD CMakeFiles/myapp.dir/opt/pico-sdk/src/common/pico_sync/mutex.c.obj
LOAD CMakeFiles/myapp.dir/opt/pico-sdk/src/common/pico_sync/critical_section.c.obj
LOAD CMakeFiles/myapp.dir/opt/pico-sdk/src/common/pico_util/datetime.c.obj
LOAD CMakeFiles/myapp.dir/opt/pico-sdk/src/common/pico_util/pheap.c.obj
LOAD CMakeFiles/myapp.dir/opt/pico-sdk/src/common/pico_util/queue.c.obj
LOAD CMakeFiles/myapp.dir/opt/pico-sdk/src/rp2_common/pico_runtime/runtime.c.obj
LOAD CMakeFiles/myapp.dir/opt/pico-sdk/src/rp2_common/hardware_clocks/clocks.c.obj
LOAD CMakeFiles/myapp.dir/opt/pico-sdk/src/rp2_common/hardware_irq/irq.c.obj
LOAD CMakeFiles/myapp.dir/opt/pico-sdk/src/rp2_common/hardware_irq/irq_handler_chain.S.obj
LOAD CMakeFiles/myapp.dir/opt/pico-sdk/src/rp2_common/hardware_pll/pll.c.obj
LOAD CMakeFiles/myapp.dir/opt/pico-sdk/src/rp2_common/hardware_vreg/vreg.c.obj
LOAD CMakeFiles/myapp.dir/opt/pico-sdk/src/rp2_common/hardware_watchdog/watchdog.c.obj
LOAD CMakeFiles/myapp.dir/opt/pico-sdk/src/rp2_common/hardware_xosc/xosc.c.obj
LOAD CMakeFiles/myapp.dir/opt/pico-sdk/src/rp2_common/pico_printf/printf.c.obj
LOAD CMakeFiles/myapp.dir/opt/pico-sdk/src/rp2_common/pico_bit_ops/bit_ops_aeabi.S.obj
LOAD CMakeFiles/myapp.dir/opt/pico-sdk/src/rp2_common/pico_bootrom/bootrom.c.obj
LOAD CMakeFiles/myapp.dir/opt/pico-sdk/src/rp2_common/pico_divider/divider.S.obj
LOAD CMakeFiles/myapp.dir/opt/pico-sdk/src/rp2_common/pico_double/double_aeabi.S.obj
LOAD CMakeFiles/myapp.dir/opt/pico-sdk/src/rp2_common/pico_double/double_init_rom.c.obj
LOAD CMakeFiles/myapp.dir/opt/pico-sdk/src/rp2_common/pico_double/double_math.c.obj
LOAD CMakeFiles/myapp.dir/opt/pico-sdk/src/rp2_common/pico_double/double_v1_rom_shim.S.obj
LOAD CMakeFiles/myapp.dir/opt/pico-sdk/src/rp2_common/pico_int64_ops/pico_int64_ops_aeabi.S.obj
LOAD CMakeFiles/myapp.dir/opt/pico-sdk/src/rp2_common/pico_float/float_aeabi.S.obj
LOAD CMakeFiles/myapp.dir/opt/pico-sdk/src/rp2_common/pico_float/float_init_rom.c.obj
LOAD CMakeFiles/myapp.dir/opt/pico-sdk/src/rp2_common/pico_float/float_math.c.obj
LOAD CMakeFiles/myapp.dir/opt/pico-sdk/src/rp2_common/pico_float/float_v1_rom_shim.S.obj
LOAD CMakeFiles/myapp.dir/opt/pico-sdk/src/rp2_common/pico_malloc/pico_malloc.c.obj
LOAD CMakeFiles/myapp.dir/opt/pico-sdk/src/rp2_common/pico_mem_ops/mem_ops_aeabi.S.obj
LOAD CMakeFiles/myapp.dir/opt/pico-sdk/src/rp2_common/pico_standard_link/crt0.S.obj
LOAD CMakeFiles/myapp.dir/opt/pico-sdk/src/rp2_common/pico_standard_link/new_delete.cpp.obj
LOAD CMakeFiles/myapp.dir/opt/pico-sdk/src/rp2_common/pico_standard_link/binary_info.c.obj
LOAD CMakeFiles/myapp.dir/opt/pico-sdk/src/rp2_common/pico_stdio/stdio.c.obj
LOAD CMakeFiles/myapp.dir/opt/pico-sdk/src/rp2_common/pico_stdio_usb/reset_interface.c.obj
LOAD CMakeFiles/myapp.dir/opt/pico-sdk/src/rp2_common/pico_stdio_usb/stdio_usb.c.obj
LOAD CMakeFiles/myapp.dir/opt/pico-sdk/src/rp2_common/pico_stdio_usb/stdio_usb_descriptors.c.obj
LOAD CMakeFiles/myapp.dir/opt/pico-sdk/lib/tinyusb/src/portable/raspberrypi/rp2040/dcd_rp2040.c.obj
LOAD CMakeFiles/myapp.dir/opt/pico-sdk/lib/tinyusb/src/portable/raspberrypi/rp2040/rp2040_usb.c.obj
LOAD CMakeFiles/myapp.dir/opt/pico-sdk/lib/tinyusb/src/device/usbd.c.obj
LOAD CMakeFiles/myapp.dir/opt/pico-sdk/lib/tinyusb/src/device/usbd_control.c.obj
LOAD CMakeFiles/myapp.dir/opt/pico-sdk/lib/tinyusb/src/class/audio/audio_device.c.obj
LOAD CMakeFiles/myapp.dir/opt/pico-sdk/lib/tinyusb/src/class/cdc/cdc_device.c.obj
LOAD CMakeFiles/myapp.dir/opt/pico-sdk/lib/tinyusb/src/class/dfu/dfu_device.c.obj
LOAD CMakeFiles/myapp.dir/opt/pico-sdk/lib/tinyusb/src/class/dfu/dfu_rt_device.c.obj
LOAD CMakeFiles/myapp.dir/opt/pico-sdk/lib/tinyusb/src/class/hid/hid_device.c.obj
LOAD CMakeFiles/myapp.dir/opt/pico-sdk/lib/tinyusb/src/class/midi/midi_device.c.obj
LOAD CMakeFiles/myapp.dir/opt/pico-sdk/lib/tinyusb/src/class/msc/msc_device.c.obj
LOAD CMakeFiles/myapp.dir/opt/pico-sdk/lib/tinyusb/src/class/net/ecm_rndis_device.c.obj
LOAD CMakeFiles/myapp.dir/opt/pico-sdk/lib/tinyusb/src/class/net/ncm_device.c.obj
LOAD CMakeFiles/myapp.dir/opt/pico-sdk/lib/tinyusb/src/class/usbtmc/usbtmc_device.c.obj
LOAD CMakeFiles/myapp.dir/opt/pico-sdk/lib/tinyusb/src/class/vendor/vendor_device.c.obj
LOAD CMakeFiles/myapp.dir/opt/pico-sdk/lib/tinyusb/src/class/video/video_device.c.obj
LOAD CMakeFiles/myapp.dir/opt/pico-sdk/lib/tinyusb/src/tusb.c.obj
LOAD CMakeFiles/myapp.dir/opt/pico-sdk/lib/tinyusb/src/common/tusb_fifo.c.obj
LOAD CMakeFiles/myapp.dir/opt/pico-sdk/src/rp2_common/pico_fix/rp2040_usb_device_enumeration/rp2040_usb_device_enumeration.c.obj
LOAD CMakeFiles/myapp.dir/opt/pico-sdk/src/rp2_common/pico_unique_id/unique_id.c.obj
LOAD CMakeFiles/myapp.dir/opt/pico-sdk/src/rp2_common/hardware_flash/flash.c.obj
LOAD /tmp/cc2KKMFL.o
LOAD /usr/lib/gcc/arm-none-eabi/9.2.1/../../../arm-none-eabi/lib/thumb/v6-m/nofp/libstdc++.a
LOAD /usr/lib/gcc/arm-none-eabi/9.2.1/../../../arm-none-eabi/lib/thumb/v6-m/nofp/libm.a
START GROUP
LOAD /usr/lib/gcc/arm-none-eabi/9.2.1/thumb/v6-m/nofp/libgcc.a
LOAD /usr/lib/gcc/arm-none-eabi/9.2.1/../../../arm-none-eabi/lib/thumb/v6-m/nofp/libc.a
END GROUP
START GROUP
LOAD /usr/lib/gcc/arm-none-eabi/9.2.1/thumb/v6-m/nofp/libgcc.a
LOAD /usr/lib/gcc/arm-none-eabi/9.2.1/../../../arm-none-eabi/lib/thumb/v6-m/nofp/libc.a
LOAD /usr/lib/gcc/arm-none-eabi/9.2.1/../../../arm-none-eabi/lib/thumb/v6-m/nofp/libnosys.a
END GROUP
LOAD /usr/lib/gcc/arm-none-eabi/9.2.1/thumb/v6-m/nofp/crtend.o
LOAD /usr/lib/gcc/arm-none-eabi/9.2.1/thumb/v6-m/nofp/crtn.o
OUTPUT(myapp.elf elf32-littlearm)
LOAD linker stubs

.ARM.attributes
                0x0000000000000000       0x28
 .ARM.attributes
                0x0000000000000000       0x1e /usr/lib/gcc/arm-none-eabi/9.2.1/thumb/v6-m/nofp/crti.o
 .ARM.attributes
                0x000000000000001e       0x2c /usr/lib/gcc/arm-none-eabi/9.2.1/thumb/v6-m/nofp/crtbegin.o
 .ARM.attributes
                0x000000000000004a       0x2c CMakeFiles/myapp.dir/main.c.obj
 .ARM.attributes
                0x0000000000000076       0x2c CMakeFiles/myapp.dir/opt/pico-sdk/src/rp2_common/hardware_claim/claim.c.obj
 .ARM.attributes
                0x00000000000000a2       0x2c CMakeFiles/myapp.dir/opt/pico-sdk/src/rp2_common/pico_platform/platform.c.obj
 .ARM.attributes
                0x00000000000000ce       0x2c CMakeFiles/myapp.dir/opt/pico-sdk/src/rp2_common/hardware_sync/sync.c.obj
 .ARM.attributes
                0x00000000000000fa       0x2c CMakeFiles/myapp.dir/opt/pico-sdk/src/common/pico_time/time.c.obj
 .ARM.attributes
                0x0000000000000126       0x2c CMakeFiles/myapp.dir/opt/pico-sdk/src/rp2_common/hardware_timer/timer.c.obj
 .ARM.attributes
                0x0000000000000152       0x2c CMakeFiles/myapp.dir/opt/pico-sdk/src/common/pico_sync/lock_core.c.obj
 .ARM.attributes
                0x000000000000017e       0x2c CMakeFiles/myapp.dir/opt/pico-sdk/src/common/pico_sync/mutex.c.obj
 .ARM.attributes
                0x00000000000001aa       0x2c CMakeFiles/myapp.dir/opt/pico-sdk/src/common/pico_sync/critical_section.c.obj
 .ARM.attributes
                0x00000000000001d6       0x2c CMakeFiles/myapp.dir/opt/pico-sdk/src/common/pico_util/pheap.c.obj
 .ARM.attributes
                0x0000000000000202       0x2c CMakeFiles/myapp.dir/opt/pico-sdk/src/rp2_common/pico_runtime/runtime.c.obj
 .ARM.attributes
                0x000000000000022e       0x2c CMakeFiles/myapp.dir/opt/pico-sdk/src/rp2_common/hardware_clocks/clocks.c.obj
 .ARM.attributes
                0x000000000000025a       0x2c CMakeFiles/myapp.dir/opt/pico-sdk/src/rp2_common/hardware_irq/irq.c.obj
 .ARM.attributes
                0x0000000000000286       0x22 CMakeFiles/myapp.dir/opt/pico-sdk/src/rp2_common/hardware_irq/irq_handler_chain.S.obj
 .ARM.attributes
                0x00000000000002a8       0x2c CMakeFiles/myapp.dir/opt/pico-sdk/src/rp2_common/hardware_pll/pll.c.obj
 .ARM.attributes
                0x00000000000002d4       0x2c CMakeFiles/myapp.dir/opt/pico-sdk/src/rp2_common/hardware_watchdog/watchdog.c.obj
 .ARM.attributes
                0x0000000000000300       0x2c CMakeFiles/myapp.dir/opt/pico-sdk/src/rp2_common/hardware_xosc/xosc.c.obj
 .ARM.attributes
                0x000000000000032c       0x2c CMakeFiles/myapp.dir/opt/pico-sdk/src/rp2_common/pico_printf/printf.c.obj
 .ARM.attributes
                0x0000000000000358       0x22 CMakeFiles/myapp.dir/opt/pico-sdk/src/rp2_common/pico_bit_ops/bit_ops_aeabi.S.obj
 .ARM.attributes
                0x000000000000037a       0x2c CMakeFiles/myapp.dir/opt/pico-sdk/src/rp2_common/pico_bootrom/bootrom.c.obj
 .ARM.attributes
                0x00000000000003a6       0x22 CMakeFiles/myapp.dir/opt/pico-sdk/src/rp2_common/pico_divider/divider.S.obj
 .ARM.attributes
                0x00000000000003c8       0x22 CMakeFiles/myapp.dir/opt/pico-sdk/src/rp2_common/pico_double/double_aeabi.S.obj
 .ARM.attributes
                0x00000000000003ea       0x2c CMakeFiles/myapp.dir/opt/pico-sdk/src/rp2_common/pico_double/double_init_rom.c.obj
 .ARM.attributes
                0x0000000000000416       0x22 CMakeFiles/myapp.dir/opt/pico-sdk/src/rp2_common/pico_double/double_v1_rom_shim.S.obj
 .ARM.attributes
                0x0000000000000438       0x22 CMakeFiles/myapp.dir/opt/pico-sdk/src/rp2_common/pico_int64_ops/pico_int64_ops_aeabi.S.obj
 .ARM.attributes
                0x000000000000045a       0x22 CMakeFiles/myapp.dir/opt/pico-sdk/src/rp2_common/pico_float/float_aeabi.S.obj
 .ARM.attributes
                0x000000000000047c       0x2c CMakeFiles/myapp.dir/opt/pico-sdk/src/rp2_common/pico_float/float_init_rom.c.obj
 .ARM.attributes
                0x00000000000004a8       0x22 CMakeFiles/myapp.dir/opt/pico-sdk/src/rp2_common/pico_float/float_v1_rom_shim.S.obj
 .ARM.attributes
                0x00000000000004ca       0x22 CMakeFiles/myapp.dir/opt/pico-sdk/src/rp2_common/pico_mem_ops/mem_ops_aeabi.S.obj
 .ARM.attributes
                0x00000000000004ec       0x22 CMakeFiles/myapp.dir/opt/pico-sdk/src/rp2_common/pico_standard_link/crt0.S.obj
 .ARM.attributes
                0x000000000000050e       0x32 CMakeFiles/myapp.dir/opt/pico-sdk/src/rp2_common/pico_standard_link/binary_info.c.obj
 .ARM.attributes
                0x0000000000000540       0x2c CMakeFiles/myapp.dir/opt/pico-sdk/src/rp2_common/pico_stdio/stdio.c.obj
 .ARM.attributes
                0x000000000000056c       0x2c CMakeFiles/myapp.dir/opt/pico-sdk/src/rp2_common/pico_stdio_usb/reset_interface.c.obj
 .ARM.attributes
                0x0000000000000598       0x2c CMakeFiles/myapp.dir/opt/pico-sdk/src/rp2_common/pico_stdio_usb/stdio_usb.c.obj
 .ARM.attributes
                0x00000000000005c4       0x2c CMakeFiles/myapp.dir/opt/pico-sdk/src/rp2_common/pico_stdio_usb/stdio_usb_descriptors.c.obj
 .ARM.attributes
                0x00000000000005f0       0x2c CMakeFiles/myapp.dir/opt/pico-sdk/lib/tinyusb/src/portable/raspberrypi/rp2040/dcd_rp2040.c.obj
 .ARM.attributes
                0x000000000000061c       0x2c CMakeFiles/myapp.dir/opt/pico-sdk/lib/tinyusb/src/portable/raspberrypi/rp2040/rp2040_usb.c.obj
 .ARM.attributes
                0x0000000000000648       0x2c CMakeFiles/myapp.dir/opt/pico-sdk/lib/tinyusb/src/device/usbd.c.obj
 .ARM.attributes
                0x0000000000000674       0x2c CMakeFiles/myapp.dir/opt/pico-sdk/lib/tinyusb/src/device/usbd_control.c.obj
 .ARM.attributes
                0x00000000000006a0       0x2c CMakeFiles/myapp.dir/opt/pico-sdk/lib/tinyusb/src/class/cdc/cdc_device.c.obj
 .ARM.attributes
                0x00000000000006cc       0x2c CMakeFiles/myapp.dir/opt/pico-sdk/lib/tinyusb/src/tusb.c.obj
 .ARM.attributes
                0x00000000000006f8       0x2c CMakeFiles/myapp.dir/opt/pico-sdk/lib/tinyusb/src/common/tusb_fifo.c.obj
 .ARM.attributes
                0x0000000000000724       0x2c CMakeFiles/myapp.dir/opt/pico-sdk/src/rp2_common/pico_unique_id/unique_id.c.obj
 .ARM.attributes
                0x0000000000000750       0x2c CMakeFiles/myapp.dir/opt/pico-sdk/src/rp2_common/hardware_flash/flash.c.obj
 .ARM.attributes
                0x000000000000077c       0x22 /tmp/cc2KKMFL.o
 .ARM.attributes
                0x000000000000079e       0x1e /usr/lib/gcc/arm-none-eabi/9.2.1/thumb/v6-m/nofp/libgcc.a(_dvmd_tls.o)
 .ARM.attributes
                0x00000000000007bc       0x2c /usr/lib/gcc/arm-none-eabi/9.2.1/../../../arm-none-eabi/lib/thumb/v6-m/nofp/libc.a(lib_a-strlen-stub.o)
 .ARM.attributes
                0x00000000000007e8       0x2c /usr/lib/gcc/arm-none-eabi/9.2.1/thumb/v6-m/nofp/crtend.o

.comment        0x0000000000000000       0xa7
 .comment       0x0000000000000000       0x59 /usr/lib/gcc/arm-none-eabi/9.2.1/thumb/v6-m/nofp/crtbegin.o
                                         0x5a (size before relaxing)
 .comment       0x0000000000000059       0x5a CMakeFiles/myapp.dir/main.c.obj
 .comment       0x0000000000000059       0x5a CMakeFiles/myapp.dir/opt/pico-sdk/src/rp2_common/hardware_claim/claim.c.obj
 .comment       0x0000000000000059       0x5a CMakeFiles/myapp.dir/opt/pico-sdk/src/rp2_common/pico_platform/platform.c.obj
 .comment       0x0000000000000059       0x5a CMakeFiles/myapp.dir/opt/pico-sdk/src/rp2_common/hardware_sync/sync.c.obj
 .comment       0x0000000000000059       0x5a CMakeFiles/myapp.dir/opt/pico-sdk/src/common/pico_time/time.c.obj
 .comment       0x0000000000000059       0x5a CMakeFiles/myapp.dir/opt/pico-sdk/src/rp2_common/hardware_timer/timer.c.obj
 .comment       0x0000000000000059       0x5a CMakeFiles/myapp.dir/opt/pico-sdk/src/common/pico_sync/lock_core.c.obj
 .comment       0x0000000000000059       0x5a CMakeFiles/myapp.dir/opt/pico-sdk/src/common/pico_sync/mutex.c.obj
 .comment       0x0000000000000059       0x5a CMakeFiles/myapp.dir/opt/pico-sdk/src/common/pico_sync/critical_section.c.obj
 .comment       0x0000000000000059       0x5a CMakeFiles/myapp.dir/opt/pico-sdk/src/common/pico_util/pheap.c.obj
 .comment       0x0000000000000059       0x5a CMakeFiles/myapp.dir/opt/pico-sdk/src/rp2_common/pico_runtime/runtime.c.obj
 .comment       0x0000000000000059       0x5a CMakeFiles/myapp.dir/opt/pico-sdk/src/rp2_common/hardware_clocks/clocks.c.obj
 .comment       0x0000000000000059       0x5a CMakeFiles/myapp.dir/opt/pico-sdk/src/rp2_common/hardware_irq/irq.c.obj
 .comment       0x0000000000000059       0x5a CMakeFiles/myapp.dir/opt/pico-sdk/src/rp2_common/hardware_pll/pll.c.obj
 .comment       0x0000000000000059       0x5a CMakeFiles/myapp.dir/opt/pico-sdk/src/rp2_common/hardware_watchdog/watchdog.c.obj
 .comment       0x0000000000000059       0x5a CMakeFiles/myapp.dir/opt/pico-sdk/src/rp2_common/hardware_xosc/xosc.c.obj
 .comment       0x0000000000000059       0x5a CMakeFiles/myapp.dir/opt/pico-sdk/src/rp2_common/pico_printf/printf.c.obj
 .comment       0x0000000000000059       0x5a CMakeFiles/myapp.dir/opt/pico-sdk/src/rp2_common/pico_bootrom/bootrom.c.obj
 .comment       0x0000000000000059       0x5a CMakeFiles/myapp.dir/opt/pico-sdk/src/rp2_common/pico_double/double_init_rom.c.obj
 .comment       0x0000000000000059       0x5a CMakeFiles/myapp.dir/opt/pico-sdk/src/rp2_common/pico_float/float_init_rom.c.obj
 .comment       0x0000000000000059       0x5a CMakeFiles/myapp.dir/opt/pico-sdk/src/rp2_common/pico_standard_link/binary_info.c.obj
 .comment       0x0000000000000059       0x5a CMakeFiles/myapp.dir/opt/pico-sdk/src/rp2_common/pico_stdio/stdio.c.obj
 .comment       0x0000000000000059       0x5a CMakeFiles/myapp.dir/opt/pico-sdk/src/rp2_common/pico_stdio_usb/reset_interface.c.obj
 .comment       0x0000000000000059       0x5a CMakeFiles/myapp.dir/opt/pico-sdk/src/rp2_common/pico_stdio_usb/stdio_usb.c.obj
 .comment       0x0000000000000059       0x5a CMakeFiles/myapp.dir/opt/pico-sdk/src/rp2_common/pico_stdio_usb/stdio_usb_descriptors.c.obj
 .comment       0x0000000000000059       0x5a CMakeFiles/myapp.dir/opt/pico-sdk/lib/tinyusb/src/portable/raspberrypi/rp2040/dcd_rp2040.c.obj
 .comment       0x0000000000000059       0x5a CMakeFiles/myapp.dir/opt/pico-sdk/lib/tinyusb/src/portable/raspberrypi/rp2040/rp2040_usb.c.obj
 .comment       0x0000000000000059       0x5a CMakeFiles/myapp.dir/opt/pico-sdk/lib/tinyusb/src/device/usbd.c.obj
 .comment       0x0000000000000059       0x5a CMakeFiles/myapp.dir/opt/pico-sdk/lib/tinyusb/src/device/usbd_control.c.obj
 .comment       0x0000000000000059       0x5a CMakeFiles/myapp.dir/opt/pico-sdk/lib/tinyusb/src/class/cdc/cdc_device.c.obj
 .comment       0x0000000000000059       0x5a CMakeFiles/myapp.dir/opt/pico-sdk/lib/tinyusb/src/tusb.c.obj
 .comment       0x0000000000000059       0x5a CMakeFiles/myapp.dir/opt/pico-sdk/lib/tinyusb/src/common/tusb_fifo.c.obj
 .comment       0x0000000000000059       0x5a CMakeFiles/myapp.dir/opt/pico-sdk/src/rp2_common/pico_unique_id/unique_id.c.obj
 .comment       0x0000000000000059       0x5a CMakeFiles/myapp.dir/opt/pico-sdk/src/rp2_common/hardware_flash/flash.c.obj
 .comment       0x0000000000000059       0x4e /usr/lib/gcc/arm-none-eabi/9.2.1/../../../arm-none-eabi/lib/thumb/v6-m/nofp/libc.a(lib_a-strlen-stub.o)
                                         0x4f (size before relaxing)
 .comment       0x00000000000000a7       0x5a /usr/lib/gcc/arm-none-eabi/9.2.1/thumb/v6-m/nofp/crtend.o

.debug_line     0x0000000000000000      0x222
 .debug_line    0x0000000000000000       0x60 /usr/lib/gcc/arm-none-eabi/9.2.1/thumb/v6-m/nofp/libgcc.a(_dvmd_tls.o)
 .debug_line    0x0000000000000060      0x1c2 /usr/lib/gcc/arm-none-eabi/9.2.1/../../../arm-none-eabi/lib/thumb/v6-m/nofp/libc.a(lib_a-strlen-stub.o)

.debug_info     0x0000000000000000      0x999
 .debug_info    0x0000000000000000       0x26 /usr/lib/gcc/arm-none-eabi/9.2.1/thumb/v6-m/nofp/libgcc.a(_dvmd_tls.o)
 .debug_info    0x0000000000000026      0x973 /usr/lib/gcc/arm-none-eabi/9.2.1/../../../arm-none-eabi/lib/thumb/v6-m/nofp/libc.a(lib_a-strlen-stub.o)

.debug_abbrev   0x0000000000000000      0x1fc
 .debug_abbrev  0x0000000000000000       0x14 /usr/lib/gcc/arm-none-eabi/9.2.1/thumb/v6-m/nofp/libgcc.a(_dvmd_tls.o)
 .debug_abbrev  0x0000000000000014      0x1e8 /usr/lib/gcc/arm-none-eabi/9.2.1/../../../arm-none-eabi/lib/thumb/v6-m/nofp/libc.a(lib_a-strlen-stub.o)

.debug_aranges  0x0000000000000000       0x40
 .debug_aranges
                0x0000000000000000       0x20 /usr/lib/gcc/arm-none-eabi/9.2.1/thumb/v6-m/nofp/libgcc.a(_dvmd_tls.o)
 .debug_aranges
                0x0000000000000020       0x20 /usr/lib/gcc/arm-none-eabi/9.2.1/../../../arm-none-eabi/lib/thumb/v6-m/nofp/libc.a(lib_a-strlen-stub.o)

.debug_str      0x0000000000000000      0x613
 .debug_str     0x0000000000000000       0xa3 /usr/lib/gcc/arm-none-eabi/9.2.1/thumb/v6-m/nofp/libgcc.a(_dvmd_tls.o)
 .debug_str     0x00000000000000a3      0x570 /usr/lib/gcc/arm-none-eabi/9.2.1/../../../arm-none-eabi/lib/thumb/v6-m/nofp/libc.a(lib_a-strlen-stub.o)
                                        0x5c2 (size before relaxing)

.debug_loc      0x0000000000000000       0xa3
 .debug_loc     0x0000000000000000       0xa3 /usr/lib/gcc/arm-none-eabi/9.2.1/../../../arm-none-eabi/lib/thumb/v6-m/nofp/libc.a(lib_a-strlen-stub.o)

.debug_frame    0x0000000000000000       0x28
 .debug_frame   0x0000000000000000       0x28 /usr/lib/gcc/arm-none-eabi/9.2.1/../../../arm-none-eabi/lib/thumb/v6-m/nofp/libc.a(lib_a-strlen-stub.o)
